Component: ARM Compiler 5.05 update 1 (build 106) Tool: armlink [4d0efa]

==============================================================================

Section Cross References

    main.o(i.main) refers to fflt_clz.o(x$fpl$fflt) for __aeabi_i2f
    main.o(i.main) refers to misc.o(i.NVIC_PriorityGroupConfig) for NVIC_PriorityGroupConfig
    main.o(i.main) refers to usart.o(i.Usart1_Init) for Usart1_Init
    main.o(i.main) refers to usart.o(i.Usart2_Init) for Usart2_Init
    main.o(i.main) refers to delay.o(i.delay_init) for delay_init
    main.o(i.main) refers to led.o(i.LED_Init) for LED_Init
    main.o(i.main) refers to beep.o(i.BEEP_Init) for BEEP_Init
    main.o(i.main) refers to dht11.o(i.DHT11_Init) for DHT11_Init
    main.o(i.main) refers to esp8266.o(i.ESP8266_Init) for ESP8266_Init
    main.o(i.main) refers to delay.o(i.delay_ms) for delay_ms
    main.o(i.main) refers to onenet.o(i.OneNet_DevLink) for OneNet_DevLink
    main.o(i.main) refers to usart.o(i.UsartPrintf) for UsartPrintf
    main.o(i.main) refers to dht11.o(i.DHT11_Read_Data) for DHT11_Read_Data
    main.o(i.main) refers to onenet.o(i.OneNet_SendData) for OneNet_SendData
    main.o(i.main) refers to esp8266.o(i.ESP8266_Clear) for ESP8266_Clear
    main.o(i.main) refers to esp8266.o(i.ESP8266_GetIPD) for ESP8266_GetIPD
    main.o(i.main) refers to onenet.o(i.OneNet_RevPro) for OneNet_RevPro
    main.o(i.main) refers to onenet.o(.data) for beep
    system_stm32f10x.o(i.SetSysClock) refers to system_stm32f10x.o(i.SetSysClockTo72) for SetSysClockTo72
    system_stm32f10x.o(i.SystemCoreClockUpdate) refers to system_stm32f10x.o(.data) for SystemCoreClock
    system_stm32f10x.o(i.SystemInit) refers to system_stm32f10x.o(i.SetSysClock) for SetSysClock
    startup_stm32f10x_md.o(STACK) refers (Special) to heapauxi.o(.text) for __use_two_region_memory
    startup_stm32f10x_md.o(HEAP) refers (Special) to heapauxi.o(.text) for __use_two_region_memory
    startup_stm32f10x_md.o(RESET) refers (Special) to heapauxi.o(.text) for __use_two_region_memory
    startup_stm32f10x_md.o(RESET) refers to startup_stm32f10x_md.o(STACK) for __initial_sp
    startup_stm32f10x_md.o(RESET) refers to startup_stm32f10x_md.o(.text) for Reset_Handler
    startup_stm32f10x_md.o(RESET) refers to stm32f10x_it.o(i.NMI_Handler) for NMI_Handler
    startup_stm32f10x_md.o(RESET) refers to stm32f10x_it.o(i.HardFault_Handler) for HardFault_Handler
    startup_stm32f10x_md.o(RESET) refers to stm32f10x_it.o(i.MemManage_Handler) for MemManage_Handler
    startup_stm32f10x_md.o(RESET) refers to stm32f10x_it.o(i.BusFault_Handler) for BusFault_Handler
    startup_stm32f10x_md.o(RESET) refers to stm32f10x_it.o(i.UsageFault_Handler) for UsageFault_Handler
    startup_stm32f10x_md.o(RESET) refers to stm32f10x_it.o(i.SVC_Handler) for SVC_Handler
    startup_stm32f10x_md.o(RESET) refers to stm32f10x_it.o(i.DebugMon_Handler) for DebugMon_Handler
    startup_stm32f10x_md.o(RESET) refers to stm32f10x_it.o(i.PendSV_Handler) for PendSV_Handler
    startup_stm32f10x_md.o(RESET) refers to stm32f10x_it.o(i.SysTick_Handler) for SysTick_Handler
    startup_stm32f10x_md.o(RESET) refers to usart.o(i.USART1_IRQHandler) for USART1_IRQHandler
    startup_stm32f10x_md.o(RESET) refers to esp8266.o(i.USART2_IRQHandler) for USART2_IRQHandler
    startup_stm32f10x_md.o(.text) refers (Special) to heapauxi.o(.text) for __use_two_region_memory
    startup_stm32f10x_md.o(.text) refers to system_stm32f10x.o(i.SystemInit) for SystemInit
    startup_stm32f10x_md.o(.text) refers to __main.o(!!!main) for __main
    startup_stm32f10x_md.o(.text) refers to startup_stm32f10x_md.o(HEAP) for Heap_Mem
    startup_stm32f10x_md.o(.text) refers to startup_stm32f10x_md.o(STACK) for Stack_Mem
    stm32f10x_adc.o(i.ADC_DeInit) refers to stm32f10x_rcc.o(i.RCC_APB2PeriphResetCmd) for RCC_APB2PeriphResetCmd
    stm32f10x_bkp.o(i.BKP_DeInit) refers to stm32f10x_rcc.o(i.RCC_BackupResetCmd) for RCC_BackupResetCmd
    stm32f10x_gpio.o(i.GPIO_AFIODeInit) refers to stm32f10x_rcc.o(i.RCC_APB2PeriphResetCmd) for RCC_APB2PeriphResetCmd
    stm32f10x_gpio.o(i.GPIO_DeInit) refers to stm32f10x_rcc.o(i.RCC_APB2PeriphResetCmd) for RCC_APB2PeriphResetCmd
    stm32f10x_tim.o(i.TIM_DeInit) refers to stm32f10x_rcc.o(i.RCC_APB2PeriphResetCmd) for RCC_APB2PeriphResetCmd
    stm32f10x_tim.o(i.TIM_DeInit) refers to stm32f10x_rcc.o(i.RCC_APB1PeriphResetCmd) for RCC_APB1PeriphResetCmd
    stm32f10x_tim.o(i.TIM_ETRClockMode1Config) refers to stm32f10x_tim.o(i.TIM_ETRConfig) for TIM_ETRConfig
    stm32f10x_tim.o(i.TIM_ETRClockMode2Config) refers to stm32f10x_tim.o(i.TIM_ETRConfig) for TIM_ETRConfig
    stm32f10x_tim.o(i.TIM_ICInit) refers to stm32f10x_tim.o(i.TI1_Config) for TI1_Config
    stm32f10x_tim.o(i.TIM_ICInit) refers to stm32f10x_tim.o(i.TIM_SetIC1Prescaler) for TIM_SetIC1Prescaler
    stm32f10x_tim.o(i.TIM_ICInit) refers to stm32f10x_tim.o(i.TI2_Config) for TI2_Config
[...]
    .text                                    0x08000f5c   Section        0  _printf_longlong_dec.o(.text)
    .text                                    0x08000fd8   Section        0  _printf_oct_int_ll.o(.text)
    _printf_longlong_oct_internal            0x08000fd9   Thumb Code     0  _printf_oct_int_ll.o(.text)
    .text                                    0x08001048   Section        0  _printf_hex_int_ll_ptr.o(.text)
    _printf_hex_common                       0x08001049   Thumb Code     0  _printf_hex_int_ll_ptr.o(.text)
    .text                                    0x080010dc   Section        0  strtol.o(.text)
    .text                                    0x0800114c   Section      100  rt_memcpy_w.o(.text)
    .text                                    0x080011b0   Section        8  libspace.o(.text)
    .text                                    0x080011b8   Section       16  rt_ctype_table.o(.text)
    .text                                    0x080011c8   Section        8  rt_locale_intlibspace.o(.text)
    .text                                    0x080011d0   Section        0  h1_extend.o(.text)
    .text                                    0x08001204   Section      138  lludiv10.o(.text)
    .text                                    0x08001290   Section        0  _printf_fp_hex.o(.text)
    .text                                    0x0800158c   Section        0  _printf_fp_infnan.o(.text)
    .text                                    0x0800160c   Section        0  _printf_wchar.o(.text)
    .text                                    0x08001638   Section        0  _strtoul.o(.text)
    .text                                    0x080016d8   Section        0  bigflt0.o(.text)
    .text                                    0x080017b4   Section        0  _wcrtomb.o(.text)
    .text                                    0x080017f4   Section        0  defsig_rtmem_outer.o(.text)
    .text                                    0x08001802   Section        2  use_no_semi.o(.text)
    .text                                    0x08001804   Section       74  sys_stackheap_outer.o(.text)
    .text                                    0x08001804   Section        0  indicate_semi.o(.text)
    .text                                    0x0800184e   Section        0  _chval.o(.text)
    .text                                    0x0800186a   Section        0  exit.o(.text)
    .text                                    0x08001876   Section        0  defsig_exit.o(.text)
    .text                                    0x08001880   Section        0  defsig_rtmem_inner.o(.text)
    .text                                    0x080018d0   Section      128  strcmpv7m.o(.text)
    .text                                    0x08001950   Section        0  sys_exit.o(.text)
    .text                                    0x0800195c   Section        0  defsig_general.o(.text)
    .text                                    0x0800198e   Section        0  sys_wrch.o(.text)
    CL$$btod_d2e                             0x0800199c   Section       62  btod.o(CL$$btod_d2e)
    CL$$btod_d2e_denorm_low                  0x080019da   Section       70  btod.o(CL$$btod_d2e_denorm_low)
    CL$$btod_d2e_norm_op1                    0x08001a20   Section       96  btod.o(CL$$btod_d2e_norm_op1)
    CL$$btod_div_common                      0x08001a80   Section      824  btod.o(CL$$btod_div_common)
    CL$$btod_e2e                             0x08001db8   Section      198  btod.o(CL$$btod_e2e)
    CL$$btod_ediv                            0x08001e7e   Section       40  btod.o(CL$$btod_ediv)
    CL$$btod_emul                            0x08001ea6   Section       40  btod.o(CL$$btod_emul)
    CL$$btod_mult_common                     0x08001ece   Section      580  btod.o(CL$$btod_mult_common)
    i.BEEP_Init                              0x08002114   Section        0  beep.o(i.BEEP_Init)
    i.BusFault_Handler                       0x08002148   Section        0  stm32f10x_it.o(i.BusFault_Handler)
    i.DHT11_Check                            0x0800214c   Section        0  dht11.o(i.DHT11_Check)
    i.DHT11_Init                             0x080021b0   Section        0  dht11.o(i.DHT11_Init)
    i.DHT11_Read_Bit                         0x080021f0   Section        0  dht11.o(i.DHT11_Read_Bit)
    i.DHT11_Read_Byte                        0x0800223c   Section        0  dht11.o(i.DHT11_Read_Byte)
    i.DHT11_Read_Data                        0x0800225a   Section        0  dht11.o(i.DHT11_Read_Data)
    i.DHT11_Rst                              0x080022c8   Section        0  dht11.o(i.DHT11_Rst)
    i.DebugMon_Handler                       0x08002308   Section        0  stm32f10x_it.o(i.DebugMon_Handler)
    i.ESP8266_Clear                          0x0800230c   Section        0  esp8266.o(i.ESP8266_Clear)
    i.ESP8266_GetIPD                         0x08002328   Section        0  esp8266.o(i.ESP8266_GetIPD)
    i.ESP8266_Init                           0x08002378   Section        0  esp8266.o(i.ESP8266_Init)
    i.ESP8266_SendCmd                        0x080025a4   Section        0  esp8266.o(i.ESP8266_SendCmd)
    i.ESP8266_SendData                       0x080025f8   Section        0  esp8266.o(i.ESP8266_SendData)
    i.ESP8266_WaitRecive                     0x08002640   Section        0  esp8266.o(i.ESP8266_WaitRecive)
    i.GPIO_Init                              0x08002674   Section        0  stm32f10x_gpio.o(i.GPIO_Init)
    i.GPIO_SetBits                           0x0800278a   Section        0  stm32f10x_gpio.o(i.GPIO_SetBits)
    i.GPIO_WriteBit                          0x0800278e   Section        0  stm32f10x_gpio.o(i.GPIO_WriteBit)
    i.HardFault_Handler                      0x08002798   Section        0  stm32f10x_it.o(i.HardFault_Handler)
    i.LED_Init                               0x0800279c   Section        0  led.o(i.LED_Init)
    i.MQTT_DeleteBuffer                      0x080027d4   Section        0  mqttkit.o(i.MQTT_DeleteBuffer)
    i.MQTT_DumpLength                        0x080027f0   Section        0  mqttkit.o(i.MQTT_DumpLength)
    i.MQTT_NewBuffer                         0x0800281e   Section        0  mqttkit.o(i.MQTT_NewBuffer)
    i.MQTT_PacketCmdResp                     0x08002878   Section        0  mqttkit.o(i.MQTT_PacketCmdResp)
    i.MQTT_PacketConnect                     0x08002904   Section        0  mqttkit.o(i.MQTT_PacketConnect)
    i.MQTT_PacketPublish                     0x08002ba4   Section        0  mqttkit.o(i.MQTT_PacketPublish)
    i.MQTT_PacketPublishAck                  0x08002d5c   Section        0  mqttkit.o(i.MQTT_PacketPublishAck)
    i.MQTT_PacketPublishComp                 0x08002da4   Section        0  mqttkit.o(i.MQTT_PacketPublishComp)
    i.MQTT_PacketPublishRec                  0x08002dec   Section        0  mqttkit.o(i.MQTT_PacketPublishRec)
    i.MQTT_PacketPublishRel                  0x08002e34   Section        0  mqttkit.o(i.MQTT_PacketPublishRel)
    i.MQTT_PacketSaveData                    0x08002e7c   Section        0  mqttkit.o(i.MQTT_PacketSaveData)
    i.MQTT_ReadLength                        0x08002ed8   Section        0  mqttkit.o(i.MQTT_ReadLength)
    i.MQTT_UnPacketCmd                       0x08002f1e   Section        0  mqttkit.o(i.MQTT_UnPacketCmd)
    i.MQTT_UnPacketConnectAck                0x08002faa   Section        0  mqttkit.o(i.MQTT_UnPacketConnectAck)
    i.MQTT_UnPacketPublish                   0x08002fc8   Section        0  mqttkit.o(i.MQTT_UnPacketPublish)
    i.MQTT_UnPacketPublishAck                0x08003188   Section        0  mqttkit.o(i.MQTT_UnPacketPublishAck)
    i.MQTT_UnPacketPublishComp               0x080031a6   Section        0  mqttkit.o(i.MQTT_UnPacketPublishComp)
    i.MQTT_UnPacketPublishRec                0x080031c4   Section        0  mqttkit.o(i.MQTT_UnPacketPublishRec)
    i.MQTT_UnPacketPublishRel                0x080031e2   Section        0  mqttkit.o(i.MQTT_UnPacketPublishRel)
    i.MQTT_UnPacketRecv                      0x08003208   Section        0  mqttkit.o(i.MQTT_UnPacketRecv)
    i.MQTT_UnPacketSubscribe                 0x0800327c   Section        0  mqttkit.o(i.MQTT_UnPacketSubscribe)
    i.MQTT_UnPacketUnSubscribe               0x080032b0   Section        0  mqttkit.o(i.MQTT_UnPacketUnSubscribe)
    i.MemManage_Handler                      0x080032c2   Section        0  stm32f10x_it.o(i.MemManage_Handler)
    i.NMI_Handler                            0x080032c6   Section        0  stm32f10x_it.o(i.NMI_Handler)
    i.NVIC_Init                              0x080032c8   Section        0  misc.o(i.NVIC_Init)
    i.NVIC_PriorityGroupConfig               0x08003338   Section        0  misc.o(i.NVIC_PriorityGroupConfig)
    i.OneNet_DevLink                         0x0800334c   Section        0  onenet.o(i.OneNet_DevLink)
    i.OneNet_FillBuf                         0x08003574   Section        0  onenet.o(i.OneNet_FillBuf)
    i.OneNet_RevPro                          0x0800363c   Section        0  onenet.o(i.OneNet_RevPro)
    i.OneNet_SendData                        0x08003afc   Section        0  onenet.o(i.OneNet_SendData)
    i.PendSV_Handler                         0x08003be0   Section        0  stm32f10x_it.o(i.PendSV_Handler)
    i.RCC_APB1PeriphClockCmd                 0x08003be4   Section        0  stm32f10x_rcc.o(i.RCC_APB1PeriphClockCmd)
    i.RCC_APB2PeriphClockCmd                 0x08003c04   Section        0  stm32f10x_rcc.o(i.RCC_APB2PeriphClockCmd)
    i.RCC_GetClocksFreq                      0x08003c24   Section        0  stm32f10x_rcc.o(i.RCC_GetClocksFreq)
    i.SVC_Handler                            0x08003cf8   Section        0  stm32f10x_it.o(i.SVC_Handler)
    i.SetSysClock                            0x08003cfa   Section        0  system_stm32f10x.o(i.SetSysClock)
    SetSysClock                              0x08003cfb   Thumb Code     8  system_stm32f10x.o(i.SetSysClock)
    i.SetSysClockTo72                        0x08003d04   Section        0  system_stm32f10x.o(i.SetSysClockTo72)
    SetSysClockTo72                          0x08003d05   Thumb Code   214  system_stm32f10x.o(i.SetSysClockTo72)
    i.SysTick_CLKSourceConfig                0x08003de4   Section        0  misc.o(i.SysTick_CLKSourceConfig)
    i.SysTick_Handler                        0x08003e0c   Section        0  stm32f10x_it.o(i.SysTick_Handler)
    i.SystemInit                             0x08003e10   Section        0  system_stm32f10x.o(i.SystemInit)
    i.USART1_IRQHandler                      0x08003e70   Section        0  usart.o(i.USART1_IRQHandler)
    i.USART2_IRQHandler                      0x08003e8c   Section        0  esp8266.o(i.USART2_IRQHandler)
    i.USART_ClearFlag                        0x08003ed8   Section        0  stm32f10x_usart.o(i.USART_ClearFlag)
    i.USART_Cmd                              0x08003eea   Section        0  stm32f10x_usart.o(i.USART_Cmd)
    i.USART_GetFlagStatus                    0x08003f02   Section        0  stm32f10x_usart.o(i.USART_GetFlagStatus)
    i.USART_GetITStatus                      0x08003f1c   Section        0  stm32f10x_usart.o(i.USART_GetITStatus)
    i.USART_ITConfig                         0x08003f70   Section        0  stm32f10x_usart.o(i.USART_ITConfig)
    i.USART_Init                             0x08003fbc   Section        0  stm32f10x_usart.o(i.USART_Init)
    i.USART_SendData                         0x08004094   Section        0  stm32f10x_usart.o(i.USART_SendData)
    i.UsageFault_Handler                     0x0800409c   Section        0  stm32f10x_it.o(i.UsageFault_Handler)
    i.Usart1_Init                            0x080040a0   Section        0  usart.o(i.Usart1_Init)
    i.Usart2_Init                            0x08004150   Section        0  usart.o(i.Usart2_Init)
    i.UsartPrintf                            0x080041fc   Section        0  usart.o(i.UsartPrintf)
    i.Usart_SendString                       0x08004244   Section        0  usart.o(i.Usart_SendString)
    i.__ARM_fpclassify                       0x08004276   Section        0  fpclassify.o(i.__ARM_fpclassify)
    i._is_digit                              0x0800429e   Section        0  __printf_wp.o(i._is_digit)
    i.delay_init                             0x080042ac   Section        0  delay.o(i.delay_init)
    i.delay_ms                               0x080042f0   Section        0  delay.o(i.delay_ms)
    i.delay_us                               0x0800433c   Section        0  delay.o(i.delay_us)
    i.main                                   0x08004388   Section        0  main.o(i.main)
    locale$$code                             0x08004580   Section       44  lc_numeric_c.o(locale$$code)
    locale$$code                             0x080045ac   Section       44  lc_ctype_c.o(locale$$code)
    x$fpl$dretinf                            0x080045d8   Section       12  dretinf.o(x$fpl$dretinf)
    x$fpl$f2d                                0x080045e4   Section       86  f2d.o(x$fpl$f2d)
    x$fpl$fflt                               0x0800463c   Section       48  fflt_clz.o(x$fpl$fflt)
    x$fpl$fnaninf                            0x0800466c   Section      140  fnaninf.o(x$fpl$fnaninf)
    x$fpl$printf1                            0x080046f8   Section        4  printf1.o(x$fpl$printf1)
    x$fpl$printf2                            0x080046fc   Section        4  printf2.o(x$fpl$printf2)
    .constdata                               0x08004700   Section       17  __printf_flags_ss_wp.o(.constdata)
    x$fpl$usenofp                            0x08004700   Section        0  usenofp.o(x$fpl$usenofp)
    maptable                                 0x08004700   Data          17  __printf_flags_ss_wp.o(.constdata)
    .constdata                               0x08004714   Section        8  _printf_wctomb.o(.constdata)
    initial_mbstate                          0x08004714   Data           8  _printf_wctomb.o(.constdata)
    .constdata                               0x0800471c   Section       40  _printf_hex_int_ll_ptr.o(.constdata)
    uc_hextab                                0x0800471c   Data          20  _printf_hex_int_ll_ptr.o(.constdata)
    lc_hextab                                0x08004730   Data          20  _printf_hex_int_ll_ptr.o(.constdata)
    .constdata                               0x08004744   Section       38  _printf_fp_hex.o(.constdata)
    lc_hextab                                0x08004744   Data          19  _printf_fp_hex.o(.constdata)
    uc_hextab                                0x08004757   Data          19  _printf_fp_hex.o(.constdata)
    .constdata                               0x0800476c   Section      148  bigflt0.o(.constdata)
    tenpwrs_x                                0x0800476c   Data          60  bigflt0.o(.constdata)
    tenpwrs_i                                0x080047a8   Data          64  bigflt0.o(.constdata)
    locale$$data                             0x08004820   Section       28  lc_numeric_c.o(locale$$data)
    __lcnum_c_name                           0x08004824   Data           2  lc_numeric_c.o(locale$$data)
    __lcnum_c_start                          0x0800482c   Data           0  lc_numeric_c.o(locale$$data)
    __lcnum_c_point                          0x08004838   Data           0  lc_numeric_c.o(locale$$data)
    __lcnum_c_thousands                      0x0800483a   Data           0  lc_numeric_c.o(locale$$data)
    __lcnum_c_grouping                       0x0800483b   Data           0  lc_numeric_c.o(locale$$data)
    locale$$data                             0x0800483c   Section      272  lc_ctype_c.o(locale$$data)
    __lcnum_c_end                            0x0800483c   Data           0  lc_numeric_c.o(locale$$data)
    __lcctype_c_name                         0x08004840   Data           2  lc_ctype_c.o(locale$$data)
    __lcctype_c_start                        0x08004848   Data           0  lc_ctype_c.o(locale$$data)
    __lcctype_c_end                          0x0800494c   Data           0  lc_ctype_c.o(locale$$data)
    .data                                    0x20000000   Section       20  system_stm32f10x.o(.data)
    .data                                    0x20000014   Section       20  stm32f10x_rcc.o(.data)
    APBAHBPrescTable                         0x20000014   Data          16  stm32f10x_rcc.o(.data)
    ADCPrescTable                            0x20000024   Data           4  stm32f10x_rcc.o(.data)
    .data                                    0x20000028   Section        4  delay.o(.data)
    fac_us                                   0x20000028   Data           1  delay.o(.data)
    fac_ms                                   0x2000002a   Data           2  delay.o(.data)
    .data                                    0x2000002c   Section        4  esp8266.o(.data)
    .data                                    0x20000030   Section       14  onenet.o(.data)
    pkt_id                                   0x2000003c   Data           2  onenet.o(.data)
    .bss                                     0x20000040   Section      128  esp8266.o(.bss)
    .bss                                     0x200000c0   Section       96  libspace.o(.bss)
    HEAP                                     0x20000120   Section      512  startup_stm32f10x_md.o(HEAP)
    Heap_Mem                                 0x20000120   Data         512  startup_stm32f10x_md.o(HEAP)
    STACK                                    0x20000320   Section     1024  startup_stm32f10x_md.o(STACK)
    Stack_Mem                                0x20000320   Data        1024  startup_stm32f10x_md.o(STACK)
    __initial_sp                             0x20000720   Data           0  startup_stm32f10x_md.o(STACK)

    Global Symbols

    Symbol Name                              Value     Ov Type        Size  Object(Section)

    BuildAttributes$$THM_ISAv4$P$D$K$B$S$PE$A:L22UL41UL21$X:L11$S22US41US21$IEEE1$IW$USESV6$~STKCKD$USESV7$~SHL$OTIME$ROPI$IEEEJ$EBA8$UX$STANDARDLIB$REQ8$PRES8$EABIv2 0x00000000   Number         0  anon$$obj.o ABSOLUTE
    __ARM_use_no_argv                        0x00000000   Number         0  main.o ABSOLUTE
    _printf_flags                            0x00000000   Number         0  printf_stubs.o ABSOLUTE
    _printf_return_value                     0x00000000   Number         0  printf_stubs.o ABSOLUTE
    _printf_sizespec                         0x00000000   Number         0  printf_stubs.o ABSOLUTE
    _printf_widthprec                        0x00000000   Number         0  printf_stubs.o ABSOLUTE
    __ARM_exceptions_init                     - Undefined Weak Reference
    __alloca_initialize                       - Undefined Weak Reference
    __arm_preinit_                            - Undefined Weak Reference
    __cpp_initialize__aeabi_                  - Undefined Weak Reference
    __cxa_finalize                            - Undefined Weak Reference
    __sigvec_lookup                           - Undefined Weak Reference
    __user_heap_extent                        - Undefined Weak Reference
    _atexit_init                              - Undefined Weak Reference
    _call_atexit_fns                          - Undefined Weak Reference
    _clock_init                               - Undefined Weak Reference
    _fp_trap_init                             - Undefined Weak Reference
    _fp_trap_shutdown                         - Undefined Weak Reference
    _get_lc_collate                           - Undefined Weak Reference
    _get_lc_monetary                          - Undefined Weak Reference
    _get_lc_time                              - Undefined Weak Reference
    _getenv_init                              - Undefined Weak Reference
    _handle_redirection                       - Undefined Weak Reference
    _initio                                   - Undefined Weak Reference
    _mutex_acquire                            - Undefined Weak Reference
    _mutex_free                               - Undefined Weak Reference
    _mutex_release                            - Undefined Weak Reference
    _printf_mbtowc                            - Undefined Weak Reference
    _printf_wc                                - Undefined Weak Reference
    _rand_init                                - Undefined Weak Reference
    _signal_finish                            - Undefined Weak Reference
    _signal_init                              - Undefined Weak Reference
    _terminateio                              - Undefined Weak Reference
    __Vectors_Size                           0x000000ec   Number         0  startup_stm32f10x_md.o ABSOLUTE
    __Vectors                                0x08000000   Data           4  startup_stm32f10x_md.o(RESET)
    __Vectors_End                            0x080000ec   Data           0  startup_stm32f10x_md.o(RESET)
    __main                                   0x080000ed   Thumb Code     8  __main.o(!!!main)
    __scatterload                            0x080000f5   Thumb Code     0  __scatter.o(!!!scatter)
    __scatterload_rt2                        0x080000f5   Thumb Code    44  __scatter.o(!!!scatter)
    __scatterload_rt2_thumb_only             0x080000f5   Thumb Code     0  __scatter.o(!!!scatter)
    __scatterload_null                       0x08000103   Thumb Code     0  __scatter.o(!!!scatter)
    __scatterload_copy                       0x08000129   Thumb Code    26  __scatter_copy.o(!!handler_copy)
    __scatterload_zeroinit                   0x08000145   Thumb Code    28  __scatter_zi.o(!!handler_zi)
    _printf_n                                0x08000161   Thumb Code     0  _printf_n.o(.ARM.Collect$$_printf_percent$$00000001)
    _printf_percent                          0x08000161   Thumb Code     0  _printf_percent.o(.ARM.Collect$$_printf_percent$$00000000)
    _printf_p                                0x08000167   Thumb Code     0  _printf_p.o(.ARM.Collect$$_printf_percent$$00000002)
    _printf_f                                0x0800016d   Thumb Code     0  _printf_f.o(.ARM.Collect$$_printf_percent$$00000003)
    _printf_e                                0x08000173   Thumb Code     0  _printf_e.o(.ARM.Collect$$_printf_percent$$00000004)
    _printf_g                                0x08000179   Thumb Code     0  _printf_g.o(.ARM.Collect$$_printf_percent$$00000005)
    _printf_a                                0x0800017f   Thumb Code     0  _printf_a.o(.ARM.Collect$$_printf_percent$$00000006)
    _printf_ll                               0x08000185   Thumb Code     0  _printf_ll.o(.ARM.Collect$$_printf_percent$$00000007)
    _printf_i                                0x0800018f   Thumb Code     0  _printf_i.o(.ARM.Collect$$_printf_percent$$00000008)
    _printf_d                                0x08000195   Thumb Code     0  _printf_d.o(.ARM.Collect$$_printf_percent$$00000009)
    _printf_u                                0x0800019b   Thumb Code     0  _printf_u.o(.ARM.Collect$$_printf_percent$$0000000A)
    _printf_o                                0x080001a1   Thumb Code     0  _printf_o.o(.ARM.Collect$$_printf_percent$$0000000B)
    _printf_x                                0x080001a7   Thumb Code     0  _printf_x.o(.ARM.Collect$$_printf_percent$$0000000C)
    _printf_lli                              0x080001ad   Thumb Code     0  _printf_lli.o(.ARM.Collect$$_printf_percent$$0000000D)
    _printf_lld                              0x080001b3   Thumb Code     0  _printf_lld.o(.ARM.Collect$$_printf_percent$$0000000E)
    _printf_llu                              0x080001b9   Thumb Code     0  _printf_llu.o(.ARM.Collect$$_printf_percent$$0000000F)
    _printf_llo                              0x080001bf   Thumb Code     0  _printf_llo.o(.ARM.Collect$$_printf_percent$$00000010)
    _printf_llx                              0x080001c5   Thumb Code     0  _printf_llx.o(.ARM.Collect$$_printf_percent$$00000011)
    _printf_l                                0x080001cb   Thumb Code     0  _printf_l.o(.ARM.Collect$$_printf_percent$$00000012)
    _printf_c                                0x080001d5   Thumb Code     0  _printf_c.o(.ARM.Collect$$_printf_percent$$00000013)
    _printf_s                                0x080001db   Thumb Code     0  _printf_s.o(.ARM.Collect$$_printf_percent$$00000014)
    _printf_lc                               0x080001e1   Thumb Code     0  _printf_lc.o(.ARM.Collect$$_printf_percent$$00000015)
    _printf_ls                               0x080001e7   Thumb Code     0  _printf_ls.o(.ARM.Collect$$_printf_percent$$00000016)
    _printf_percent_end                      0x080001ed   Thumb Code     0  _printf_percent_end.o(.ARM.Collect$$_printf_percent$$00000017)
    __rt_lib_init                            0x080001f1   Thumb Code     0  libinit.o(.ARM.Collect$$libinit$$00000000)
    __rt_lib_init_fp_1                       0x080001f3   Thumb Code     0  libinit2.o(.ARM.Collect$$libinit$$00000002)
    __rt_lib_init_heap_2                     0x080001f3   Thumb Code     0  libinit2.o(.ARM.Collect$$libinit$$00000005)
    __rt_lib_init_preinit_1                  0x080001f3   Thumb Code     0  libinit2.o(.ARM.Collect$$libinit$$00000004)
    __rt_lib_init_heap_1                     0x080001fb   Thumb Code     0  libinit2.o(.ARM.Collect$$libinit$$0000000A)
    __rt_lib_init_lc_common                  0x080001fb   Thumb Code     0  libinit2.o(.ARM.Collect$$libinit$$0000000F)
    __rt_lib_init_rand_1                     0x080001fb   Thumb Code     0  libinit2.o(.ARM.Collect$$libinit$$0000000E)
    __rt_lib_init_user_alloc_1               0x080001fb   Thumb Code     0  libinit2.o(.ARM.Collect$$libinit$$0000000C)
    __rt_lib_init_lc_collate_1               0x08000201   Thumb Code     0  libinit2.o(.ARM.Collect$$libinit$$00000011)
    __rt_lib_init_lc_ctype_2                 0x08000201   Thumb Code     0  libinit2.o(.ARM.Collect$$libinit$$00000012)
    __rt_lib_init_lc_ctype_1                 0x0800020d   Thumb Code     0  libinit2.o(.ARM.Collect$$libinit$$00000013)
    __rt_lib_init_lc_monetary_1              0x0800020d   Thumb Code     0  libinit2.o(.ARM.Collect$$libinit$$00000015)
    __rt_lib_init_lc_numeric_2               0x0800020d   Thumb Code     0  libinit2.o(.ARM.Collect$$libinit$$00000016)
    __rt_lib_init_alloca_1                   0x08000217   Thumb Code     0  libinit2.o(.ARM.Collect$$libinit$$0000002E)
    __rt_lib_init_argv_1                     0x08000217   Thumb Code     0  libinit2.o(.ARM.Collect$$libinit$$0000002C)
    __rt_lib_init_atexit_1                   0x08000217   Thumb Code     0  libinit2.o(.ARM.Collect$$libinit$$0000001B)
    __rt_lib_init_clock_1                    0x08000217   Thumb Code     0  libinit2.o(.ARM.Collect$$libinit$$00000021)
    __rt_lib_init_cpp_1                      0x08000217   Thumb Code     0  libinit2.o(.ARM.Collect$$libinit$$00000032)
    __rt_lib_init_exceptions_1               0x08000217   Thumb Code     0  libinit2.o(.ARM.Collect$$libinit$$00000030)
    __rt_lib_init_fp_trap_1                  0x08000217   Thumb Code     0  libinit2.o(.ARM.Collect$$libinit$$0000001F)
    __rt_lib_init_getenv_1                   0x08000217   Thumb Code     0  libinit2.o(.ARM.Collect$$libinit$$00000023)
    __rt_lib_init_lc_numeric_1               0x08000217   Thumb Code     0  libinit2.o(.ARM.Collect$$libinit$$00000017)
    __rt_lib_init_lc_time_1                  0x08000217   Thumb Code     0  libinit2.o(.ARM.Collect$$libinit$$00000019)
    __rt_lib_init_return                     0x08000217   Thumb Code     0  libinit2.o(.ARM.Collect$$libinit$$00000033)
    __rt_lib_init_signal_1                   0x08000217   Thumb Code     0  libinit2.o(.ARM.Collect$$libinit$$0000001D)
    __rt_lib_init_stdio_1                    0x08000217   Thumb Code     0  libinit2.o(.ARM.Collect$$libinit$$00000025)
    __rt_lib_shutdown                        0x08000219   Thumb Code     0  libshutdown.o(.ARM.Collect$$libshutdown$$00000000)
    __rt_lib_shutdown_fp_trap_1              0x0800021b   Thumb Code     0  libshutdown2.o(.ARM.Collect$$libshutdown$$00000006)
    __rt_lib_shutdown_heap_1                 0x0800021b   Thumb Code     0  libshutdown2.o(.ARM.Collect$$libshutdown$$0000000E)
    __rt_lib_shutdown_return                 0x0800021b   Thumb Code     0  libshutdown2.o(.ARM.Collect$$libshutdown$$0000000F)
    __rt_lib_shutdown_signal_1               0x0800021b   Thumb Code     0  libshutdown2.o(.ARM.Collect$$libshutdown$$00000009)
    __rt_lib_shutdown_stdio_1                0x0800021b   Thumb Code     0  libshutdown2.o(.ARM.Collect$$libshutdown$$00000003)
    __rt_lib_shutdown_user_alloc_1           0x0800021b   Thumb Code     0  libshutdown2.o(.ARM.Collect$$libshutdown$$0000000B)
    __rt_entry                               0x0800021d   Thumb Code     0  __rtentry.o(.ARM.Collect$$rtentry$$00000000)
    __rt_entry_presh_1                       0x0800021d   Thumb Code     0  __rtentry2.o(.ARM.Collect$$rtentry$$00000002)
    __rt_entry_sh                            0x0800021d   Thumb Code     0  __rtentry4.o(.ARM.Collect$$rtentry$$00000004)
    __rt_entry_li                            0x08000223   Thumb Code     0  __rtentry2.o(.ARM.Collect$$rtentry$$0000000A)
    __rt_entry_postsh_1                      0x08000223   Thumb Code     0  __rtentry2.o(.ARM.Collect$$rtentry$$00000009)
    __rt_entry_main                          0x08000227   Thumb Code     0  __rtentry2.o(.ARM.Collect$$rtentry$$0000000D)
    __rt_entry_postli_1                      0x08000227   Thumb Code     0  __rtentry2.o(.ARM.Collect$$rtentry$$0000000C)
    __rt_exit                                0x0800022f   Thumb Code     0  rtexit.o(.ARM.Collect$$rtexit$$00000000)
    __rt_exit_ls                             0x08000231   Thumb Code     0  rtexit2.o(.ARM.Collect$$rtexit$$00000003)
    __rt_exit_prels_1                        0x08000231   Thumb Code     0  rtexit2.o(.ARM.Collect$$rtexit$$00000002)
    __rt_exit_exit                           0x08000235   Thumb Code     0  rtexit2.o(.ARM.Collect$$rtexit$$00000004)
    Reset_Handler                            0x0800023d   Thumb Code     8  startup_stm32f10x_md.o(.text)
    _maybe_terminate_alloc                   0x0800023d   Thumb Code     0  maybetermalloc1.o(.emb_text)
    ADC1_2_IRQHandler                        0x08000257   Thumb Code     0  startup_stm32f10x_md.o(.text)
    CAN1_RX1_IRQHandler                      0x08000257   Thumb Code     0  startup_stm32f10x_md.o(.text)
    CAN1_SCE_IRQHandler                      0x08000257   Thumb Code     0  startup_stm32f10x_md.o(.text)
    DMA1_Channel1_IRQHandler                 0x08000257   Thumb Code     0  startup_stm32f10x_md.o(.text)
    DMA1_Channel2_IRQHandler                 0x08000257   Thumb Code     0  startup_stm32f10x_md.o(.text)
    DMA1_Channel3_IRQHandler                 0x08000257   Thumb Code     0  startup_stm32f10x_md.o(.text)
    DMA1_Channel4_IRQHandler                 0x08000257   Thumb Code     0  startup_stm32f10x_md.o(.text)
    DMA1_Channel5_IRQHandler                 0x08000257   Thumb Code     0  startup_stm32f10x_md.o(.text)
    DMA1_Channel6_IRQHandler                 0x08000257   Thumb Code     0  startup_stm32f10x_md.o(.text)
    DMA1_Channel7_IRQHandler                 0x08000257   Thumb Code     0  startup_stm32f10x_md.o(.text)
    EXTI0_IRQHandler                         0x08000257   Thumb Code     0  startup_stm32f10x_md.o(.text)
    EXTI15_10_IRQHandler                     0x08000257   Thumb Code     0  startup_stm32f10x_md.o(.text)
    EXTI1_IRQHandler                         0x08000257   Thumb Code     0  startup_stm32f10x_md.o(.text)
    EXTI2_IRQHandler                         0x08000257   Thumb Code     0  startup_stm32f10x_md.o(.text)
    EXTI3_IRQHandler                         0x08000257   Thumb Code     0  startup_stm32f10x_md.o(.text)
    EXTI4_IRQHandler                         0x08000257   Thumb Code     0  startup_stm32f10x_md.o(.text)
    EXTI9_5_IRQHandler                       0x08000257   Thumb Code     0  startup_stm32f10x_md.o(.text)
    FLASH_IRQHandler                         0x08000257   Thumb Code     0  startup_stm32f10x_md.o(.text)
    I2C1_ER_IRQHandler                       0x08000257   Thumb Code     0  startup_stm32f10x_md.o(.text)
    I2C1_EV_IRQHandler                       0x08000257   Thumb Code     0  startup_stm32f10x_md.o(.text)
    I2C2_ER_IRQHandler                       0x08000257   Thumb Code     0  startup_stm32f10x_md.o(.text)
    I2C2_EV_IRQHandler                       0x08000257   Thumb Code     0  startup_stm32f10x_md.o(.text)
    PVD_IRQHandler                           0x08000257   Thumb Code     0  startup_stm32f10x_md.o(.text)
    RCC_IRQHandler                           0x08000257   Thumb Code     0  startup_stm32f10x_md.o(.text)
    RTCAlarm_IRQHandler                      0x08000257   Thumb Code     0  startup_stm32f10x_md.o(.text)
    RTC_IRQHandler                           0x08000257   Thumb Code     0  startup_stm32f10x_md.o(.text)
    SPI1_IRQHandler                          0x08000257   Thumb Code     0  startup_stm32f10x_md.o(.text)
    SPI2_IRQHandler                          0x08000257   Thumb Code     0  startup_stm32f10x_md.o(.text)
    TAMPER_IRQHandler                        0x08000257   Thumb Code     0  startup_stm32f10x_md.o(.text)
    TIM1_BRK_IRQHandler                      0x08000257   Thumb Code     0  startup_stm32f10x_md.o(.text)
    TIM1_CC_IRQHandler                       0x08000257   Thumb Code     0  startup_stm32f10x_md.o(.text)
    TIM1_TRG_COM_IRQHandler                  0x08000257   Thumb Code     0  startup_stm32f10x_md.o(.text)
    TIM1_UP_IRQHandler                       0x08000257   Thumb Code     0  startup_stm32f10x_md.o(.text)
    TIM2_IRQHandler                          0x08000257   Thumb Code     0  startup_stm32f10x_md.o(.text)
    TIM3_IRQHandler                          0x08000257   Thumb Code     0  startup_stm32f10x_md.o(.text)
    TIM4_IRQHandler                          0x08000257   Thumb Code     0  startup_stm32f10x_md.o(.text)
    USART3_IRQHandler                        0x08000257   Thumb Code     0  startup_stm32f10x_md.o(.text)
    USBWakeUp_IRQHandler                     0x08000257   Thumb Code     0  startup_stm32f10x_md.o(.text)
    USB_HP_CAN1_TX_IRQHandler                0x08000257   Thumb Code     0  startup_stm32f10x_md.o(.text)
    USB_LP_CAN1_RX0_IRQHandler               0x08000257   Thumb Code     0  startup_stm32f10x_md.o(.text)
    WWDG_IRQHandler                          0x08000257   Thumb Code     0  startup_stm32f10x_md.o(.text)
    __user_initial_stackheap                 0x08000259   Thumb Code     0  startup_stm32f10x_md.o(.text)
    malloc                                   0x0800027d   Thumb Code    94  h1_alloc.o(.text)
    free                                     0x080002db   Thumb Code    78  h1_free.o(.text)
    vsnprintf                                0x08000329   Thumb Code    48  vsnprintf.o(.text)
    __2sprintf                               0x0800035d   Thumb Code    38  __2sprintf.o(.text)
    _printf_str                              0x08000389   Thumb Code    82  _printf_str.o(.text)
    _printf_int_dec                          0x080003dd   Thumb Code   104  _printf_dec.o(.text)
    __printf                                 0x08000455   Thumb Code   388  __printf_flags_ss_wp.o(.text)
    atoi                                     0x080005dd   Thumb Code    26  atoi.o(.text)
    strchr                                   0x080005f7   Thumb Code    20  strchr.o(.text)
    strncat                                  0x0800060b   Thumb Code    36  strncat.o(.text)
    strstr                                   0x0800062f   Thumb Code    36  strstr.o(.text)
    strcpy                                   0x08000653   Thumb Code    72  strcpy.o(.text)
    strlen                                   0x0800069b   Thumb Code    62  strlen.o(.text)
    strcat                                   0x080006d9   Thumb Code    24  strcat.o(.text)
    __aeabi_memcpy                           0x080006f1   Thumb Code     0  rt_memcpy_v6.o(.text)
    __rt_memcpy                              0x080006f1   Thumb Code   138  rt_memcpy_v6.o(.text)
    _memcpy_lastbytes                        0x08000757   Thumb Code     0  rt_memcpy_v6.o(.text)
    __aeabi_memclr                           0x0800077b   Thumb Code     0  rt_memclr.o(.text)
    __rt_memclr                              0x0800077b   Thumb Code    68  rt_memclr.o(.text)
    _memset                                  0x0800077f   Thumb Code     0  rt_memclr.o(.text)
    __aeabi_memclr4                          0x080007bf   Thumb Code     0  rt_memclr_w.o(.text)
    __aeabi_memclr8                          0x080007bf   Thumb Code     0  rt_memclr_w.o(.text)
    __rt_memclr_w                            0x080007bf   Thumb Code    78  rt_memclr_w.o(.text)
    _memset_w                                0x080007c3   Thumb Code     0  rt_memclr_w.o(.text)
    __use_two_region_memory                  0x0800080d   Thumb Code     2  heapauxi.o(.text)
    __rt_heap_escrow                         0x0800080f   Thumb Code     2  heapauxi.o(.text)
    __rt_heap_expand                         0x08000811   Thumb Code     2  heapauxi.o(.text)
    __rt_heap_descriptor                     0x08000815   Thumb Code     8  rt_heap_descriptor_intlibspace.o(.text)
    __aeabi_errno_addr                       0x0800081d   Thumb Code     8  rt_errno_addr_intlibspace.o(.text)
    __errno$intlibspace                      0x0800081d   Thumb Code     0  rt_errno_addr_intlibspace.o(.text)
    __rt_errno_addr$intlibspace              0x0800081d   Thumb Code     0  rt_errno_addr_intlibspace.o(.text)
    __use_no_heap                            0x08000825   Thumb Code     2  hguard.o(.text)
    __heap$guard                             0x08000827   Thumb Code     2  hguard.o(.text)
    _terminate_user_alloc                    0x08000829   Thumb Code     2  init_alloc.o(.text)
    _init_user_alloc                         0x0800082b   Thumb Code     2  init_alloc.o(.text)
    __Heap_Full                              0x0800082d   Thumb Code    34  init_alloc.o(.text)
    __Heap_Broken                            0x0800084f   Thumb Code     6  init_alloc.o(.text)
    _init_alloc                              0x08000855   Thumb Code    94  init_alloc.o(.text)
    __Heap_Initialize                        0x080008b3   Thumb Code    10  h1_init.o(.text)
    __Heap_DescSize                          0x080008bd   Thumb Code     4  h1_init.o(.text)
    _printf_pre_padding                      0x080008c1   Thumb Code    44  _printf_pad.o(.text)
    _printf_post_padding                     0x080008ed   Thumb Code    34  _printf_pad.o(.text)
    _printf_truncate_signed                  0x0800090f   Thumb Code    18  _printf_truncate.o(.text)
    _printf_truncate_unsigned                0x08000921   Thumb Code    18  _printf_truncate.o(.text)
    _printf_int_common                       0x08000933   Thumb Code   178  _printf_intcommon.o(.text)
    _printf_charcount                        0x080009e5   Thumb Code    40  _printf_charcount.o(.text)
    __lib_sel_fp_printf                      0x08000a0d   Thumb Code     2  _printf_fp_dec.o(.text)
    _printf_fp_dec_real                      0x08000bbb   Thumb Code   620  _printf_fp_dec.o(.text)
    _printf_char_common                      0x08000e33   Thumb Code    32  _printf_char_common.o(.text)
    _sputc                                   0x08000e59   Thumb Code    10  _sputc.o(.text)
    _snputc                                  0x08000e63   Thumb Code    16  _snputc.o(.text)
    _printf_cs_common                        0x08000e73   Thumb Code    20  _printf_char.o(.text)
    _printf_char                             0x08000e87   Thumb Code    16  _printf_char.o(.text)
    _printf_string                           0x08000e97   Thumb Code     8  _printf_char.o(.text)
    _printf_wctomb                           0x08000ea1   Thumb Code   182  _printf_wctomb.o(.text)
    _printf_longlong_dec                     0x08000f5d   Thumb Code   108  _printf_longlong_dec.o(.text)
    _printf_longlong_oct                     0x08000fd9   Thumb Code    68  _printf_oct_int_ll.o(.text)
    _printf_int_oct                          0x0800101d   Thumb Code    24  _printf_oct_int_ll.o(.text)
    _printf_ll_oct                           0x08001035   Thumb Code    12  _printf_oct_int_ll.o(.text)
    _printf_longlong_hex                     0x08001049   Thumb Code    86  _printf_hex_int_ll_ptr.o(.text)
    _printf_int_hex                          0x0800109f   Thumb Code    28  _printf_hex_int_ll_ptr.o(.text)
    _printf_ll_hex                           0x080010bb   Thumb Code    12  _printf_hex_int_ll_ptr.o(.text)
    _printf_hex_ptr                          0x080010c7   Thumb Code    18  _printf_hex_int_ll_ptr.o(.text)
    strtol                                   0x080010dd   Thumb Code   112  strtol.o(.text)
    __aeabi_memcpy4                          0x0800114d   Thumb Code     0  rt_memcpy_w.o(.text)
    __aeabi_memcpy8                          0x0800114d   Thumb Code     0  rt_memcpy_w.o(.text)
    __rt_memcpy_w                            0x0800114d   Thumb Code   100  rt_memcpy_w.o(.text)
    _memcpy_lastbytes_aligned                0x08001195   Thumb Code     0  rt_memcpy_w.o(.text)
    __user_libspace                          0x080011b1   Thumb Code     8  libspace.o(.text)
    __user_perproc_libspace                  0x080011b1   Thumb Code     0  libspace.o(.text)
    __user_perthread_libspace                0x080011b1   Thumb Code     0  libspace.o(.text)
    __rt_ctype_table                         0x080011b9   Thumb Code    16  rt_ctype_table.o(.text)
    __rt_locale                              0x080011c9   Thumb Code     8  rt_locale_intlibspace.o(.text)
    __Heap_ProvideMemory                     0x080011d1   Thumb Code    52  h1_extend.o(.text)
    _ll_udiv10                               0x08001205   Thumb Code   138  lludiv10.o(.text)
    _printf_fp_hex_real                      0x08001291   Thumb Code   754  _printf_fp_hex.o(.text)
    _printf_fp_infnan                        0x0800158d   Thumb Code   112  _printf_fp_infnan.o(.text)
    _printf_lcs_common                       0x0800160d   Thumb Code    20  _printf_wchar.o(.text)
    _printf_wchar                            0x08001621   Thumb Code    16  _printf_wchar.o(.text)
    _printf_wstring                          0x08001631   Thumb Code     8  _printf_wchar.o(.text)
    _strtoul                                 0x08001639   Thumb Code   158  _strtoul.o(.text)
    _btod_etento                             0x080016d9   Thumb Code   216  bigflt0.o(.text)
    _wcrtomb                                 0x080017b5   Thumb Code    64  _wcrtomb.o(.text)
    __rt_SIGRTMEM                            0x080017f5   Thumb Code    14  defsig_rtmem_outer.o(.text)
    __I$use$semihosting                      0x08001803   Thumb Code     0  use_no_semi.o(.text)
    __use_no_semihosting_swi                 0x08001803   Thumb Code     2  use_no_semi.o(.text)
    __semihosting_library_function           0x08001805   Thumb Code     0  indicate_semi.o(.text)
    __user_setup_stackheap                   0x08001805   Thumb Code    74  sys_stackheap_outer.o(.text)
    _chval                                   0x0800184f   Thumb Code    28  _chval.o(.text)
    exit                                     0x0800186b   Thumb Code    12  exit.o(.text)
    __sig_exit                               0x08001877   Thumb Code    10  defsig_exit.o(.text)
    __rt_SIGRTMEM_inner                      0x08001881   Thumb Code    22  defsig_rtmem_inner.o(.text)
    strcmp                                   0x080018d1   Thumb Code   128  strcmpv7m.o(.text)
    _sys_exit                                0x08001951   Thumb Code     8  sys_exit.o(.text)
    __default_signal_display                 0x0800195d   Thumb Code    50  defsig_general.o(.text)
    _ttywrch                                 0x0800198f   Thumb Code    14  sys_wrch.o(.text)
    _btod_d2e                                0x0800199d   Thumb Code    62  btod.o(CL$$btod_d2e)
    _d2e_denorm_low                          0x080019db   Thumb Code    70  btod.o(CL$$btod_d2e_denorm_low)
    _d2e_norm_op1                            0x08001a21   Thumb Code    96  btod.o(CL$$btod_d2e_norm_op1)
    __btod_div_common                        0x08001a81   Thumb Code   696  btod.o(CL$$btod_div_common)
    _e2e                                     0x08001db9   Thumb Code   198  btod.o(CL$$btod_e2e)
    _btod_ediv                               0x08001e7f   Thumb Code    40  btod.o(CL$$btod_ediv)
    _btod_emul                               0x08001ea7   Thumb Code    40  btod.o(CL$$btod_emul)
    __btod_mult_common                       0x08001ecf   Thumb Code   580  btod.o(CL$$btod_mult_common)
    BEEP_Init                                0x08002115   Thumb Code    46  beep.o(i.BEEP_Init)
    BusFault_Handler                         0x08002149   Thumb Code     4  stm32f10x_it.o(i.BusFault_Handler)
    DHT11_Check                              0x0800214d   Thumb Code    92  dht11.o(i.DHT11_Check)
    DHT11_Init                               0x080021b1   Thumb Code    58  dht11.o(i.DHT11_Init)
    DHT11_Read_Bit                           0x080021f1   Thumb Code    70  dht11.o(i.DHT11_Read_Bit)
    DHT11_Read_Byte                          0x0800223d   Thumb Code    30  dht11.o(i.DHT11_Read_Byte)
    DHT11_Read_Data                          0x0800225b   Thumb Code   110  dht11.o(i.DHT11_Read_Data)
    DHT11_Rst                                0x080022c9   Thumb Code    52  dht11.o(i.DHT11_Rst)
    DebugMon_Handler                         0x08002309   Thumb Code     2  stm32f10x_it.o(i.DebugMon_Handler)
    ESP8266_Clear                            0x0800230d   Thumb Code    18  esp8266.o(i.ESP8266_Clear)
    ESP8266_GetIPD                           0x08002329   Thumb Code    66  esp8266.o(i.ESP8266_GetIPD)
    ESP8266_Init                             0x08002379   Thumb Code   276  esp8266.o(i.ESP8266_Init)
    ESP8266_SendCmd                          0x080025a5   Thumb Code    76  esp8266.o(i.ESP8266_SendCmd)
    ESP8266_SendData                         0x080025f9   Thumb Code    46  esp8266.o(i.ESP8266_SendData)
    ESP8266_WaitRecive                       0x08002641   Thumb Code    42  esp8266.o(i.ESP8266_WaitRecive)
    GPIO_Init                                0x08002675   Thumb Code   278  stm32f10x_gpio.o(i.GPIO_Init)
    GPIO_SetBits                             0x0800278b   Thumb Code     4  stm32f10x_gpio.o(i.GPIO_SetBits)
    GPIO_WriteBit                            0x0800278f   Thumb Code    10  stm32f10x_gpio.o(i.GPIO_WriteBit)
    HardFault_Handler                        0x08002799   Thumb Code     4  stm32f10x_it.o(i.HardFault_Handler)
    LED_Init                                 0x0800279d   Thumb Code    50  led.o(i.LED_Init)
    MQTT_DeleteBuffer                        0x080027d5   Thumb Code    28  mqttkit.o(i.MQTT_DeleteBuffer)
    MQTT_DumpLength                          0x080027f1   Thumb Code    46  mqttkit.o(i.MQTT_DumpLength)
    MQTT_NewBuffer                           0x0800281f   Thumb Code    88  mqttkit.o(i.MQTT_NewBuffer)
    MQTT_PacketCmdResp                       0x08002879   Thumb Code   132  mqttkit.o(i.MQTT_PacketCmdResp)
    MQTT_PacketConnect                       0x08002905   Thumb Code   666  mqttkit.o(i.MQTT_PacketConnect)
    MQTT_PacketPublish                       0x08002ba5   Thumb Code   440  mqttkit.o(i.MQTT_PacketPublish)
    MQTT_PacketPublishAck                    0x08002d5d   Thumb Code    72  mqttkit.o(i.MQTT_PacketPublishAck)
    MQTT_PacketPublishComp                   0x08002da5   Thumb Code    72  mqttkit.o(i.MQTT_PacketPublishComp)
    MQTT_PacketPublishRec                    0x08002ded   Thumb Code    72  mqttkit.o(i.MQTT_PacketPublishRec)
    MQTT_PacketPublishRel                    0x08002e35   Thumb Code    72  mqttkit.o(i.MQTT_PacketPublishRel)
    MQTT_PacketSaveData                      0x08002e7d   Thumb Code    88  mqttkit.o(i.MQTT_PacketSaveData)
    MQTT_ReadLength                          0x08002ed9   Thumb Code    70  mqttkit.o(i.MQTT_ReadLength)
    MQTT_UnPacketCmd                         0x08002f1f   Thumb Code   140  mqttkit.o(i.MQTT_UnPacketCmd)
    MQTT_UnPacketConnectAck                  0x08002fab   Thumb Code    30  mqttkit.o(i.MQTT_UnPacketConnectAck)
    MQTT_UnPacketPublish                     0x08002fc9   Thumb Code   438  mqttkit.o(i.MQTT_UnPacketPublish)
    MQTT_UnPacketPublishAck                  0x08003189   Thumb Code    30  mqttkit.o(i.MQTT_UnPacketPublishAck)
    MQTT_UnPacketPublishComp                 0x080031a7   Thumb Code    30  mqttkit.o(i.MQTT_UnPacketPublishComp)
    MQTT_UnPacketPublishRec                  0x080031c5   Thumb Code    30  mqttkit.o(i.MQTT_UnPacketPublishRec)
    MQTT_UnPacketPublishRel                  0x080031e3   Thumb Code    36  mqttkit.o(i.MQTT_UnPacketPublishRel)
    MQTT_UnPacketRecv                        0x08003209   Thumb Code   106  mqttkit.o(i.MQTT_UnPacketRecv)
    MQTT_UnPacketSubscribe                   0x0800327d   Thumb Code    52  mqttkit.o(i.MQTT_UnPacketSubscribe)
    MQTT_UnPacketUnSubscribe                 0x080032b1   Thumb Code    18  mqttkit.o(i.MQTT_UnPacketUnSubscribe)
    MemManage_Handler                        0x080032c3   Thumb Code     4  stm32f10x_it.o(i.MemManage_Handler)
    NMI_Handler                              0x080032c7   Thumb Code     2  stm32f10x_it.o(i.NMI_Handler)
    NVIC_Init                                0x080032c9   Thumb Code   100  misc.o(i.NVIC_Init)
    NVIC_PriorityGroupConfig                 0x08003339   Thumb Code    10  misc.o(i.NVIC_PriorityGroupConfig)
    OneNet_DevLink                           0x0800334d   Thumb Code   212  onenet.o(i.OneNet_DevLink)
    OneNet_FillBuf                           0x08003575   Thumb Code   138  onenet.o(i.OneNet_FillBuf)
    OneNet_RevPro                            0x0800363d   Thumb Code   714  onenet.o(i.OneNet_RevPro)
    OneNet_SendData                          0x08003afd   Thumb Code   130  onenet.o(i.OneNet_SendData)
    PendSV_Handler                           0x08003be1   Thumb Code     2  stm32f10x_it.o(i.PendSV_Handler)
    RCC_APB1PeriphClockCmd                   0x08003be5   Thumb Code    26  stm32f10x_rcc.o(i.RCC_APB1PeriphClockCmd)
    RCC_APB2PeriphClockCmd                   0x08003c05   Thumb Code    26  stm32f10x_rcc.o(i.RCC_APB2PeriphClockCmd)
    RCC_GetClocksFreq                        0x08003c25   Thumb Code   192  stm32f10x_rcc.o(i.RCC_GetClocksFreq)
    SVC_Handler                              0x08003cf9   Thumb Code     2  stm32f10x_it.o(i.SVC_Handler)
    SysTick_CLKSourceConfig                  0x08003de5   Thumb Code    40  misc.o(i.SysTick_CLKSourceConfig)
    SysTick_Handler                          0x08003e0d   Thumb Code     2  stm32f10x_it.o(i.SysTick_Handler)
    SystemInit                               0x08003e11   Thumb Code    78  system_stm32f10x.o(i.SystemInit)
    USART1_IRQHandler                        0x08003e71   Thumb Code    24  usart.o(i.USART1_IRQHandler)
    USART2_IRQHandler                        0x08003e8d   Thumb Code    62  esp8266.o(i.USART2_IRQHandler)
    USART_ClearFlag                          0x08003ed9   Thumb Code    18  stm32f10x_usart.o(i.USART_ClearFlag)
    USART_Cmd                                0x08003eeb   Thumb Code    24  stm32f10x_usart.o(i.USART_Cmd)
    USART_GetFlagStatus                      0x08003f03   Thumb Code    26  stm32f10x_usart.o(i.USART_GetFlagStatus)
    USART_GetITStatus                        0x08003f1d   Thumb Code    84  stm32f10x_usart.o(i.USART_GetITStatus)
    USART_ITConfig                           0x08003f71   Thumb Code    74  stm32f10x_usart.o(i.USART_ITConfig)
    USART_Init                               0x08003fbd   Thumb Code   210  stm32f10x_usart.o(i.USART_Init)
    USART_SendData                           0x08004095   Thumb Code     8  stm32f10x_usart.o(i.USART_SendData)
    UsageFault_Handler                       0x0800409d   Thumb Code     4  stm32f10x_it.o(i.UsageFault_Handler)
    Usart1_Init                              0x080040a1   Thumb Code   166  usart.o(i.Usart1_Init)
    Usart2_Init                              0x08004151   Thumb Code   162  usart.o(i.Usart2_Init)
    UsartPrintf                              0x080041fd   Thumb Code    72  usart.o(i.UsartPrintf)
    Usart_SendString                         0x08004245   Thumb Code    50  usart.o(i.Usart_SendString)
    __ARM_fpclassify                         0x08004277   Thumb Code    40  fpclassify.o(i.__ARM_fpclassify)
    _is_digit                                0x0800429f   Thumb Code    14  __printf_wp.o(i._is_digit)
    delay_init                               0x080042ad   Thumb Code    50  delay.o(i.delay_init)
    delay_ms                                 0x080042f1   Thumb Code    72  delay.o(i.delay_ms)
    delay_us                                 0x0800433d   Thumb Code    72  delay.o(i.delay_us)
    main                                     0x08004389   Thumb Code   348  main.o(i.main)
    _get_lc_numeric                          0x08004581   Thumb Code    44  lc_numeric_c.o(locale$$code)
    _get_lc_ctype                            0x080045ad   Thumb Code    44  lc_ctype_c.o(locale$$code)
    __fpl_dretinf                            0x080045d9   Thumb Code    12  dretinf.o(x$fpl$dretinf)
    __aeabi_f2d                              0x080045e5   Thumb Code     0  f2d.o(x$fpl$f2d)
    _f2d                                     0x080045e5   Thumb Code    86  f2d.o(x$fpl$f2d)
    __aeabi_i2f                              0x0800463d   Thumb Code     0  fflt_clz.o(x$fpl$fflt)
    _fflt                                    0x0800463d   Thumb Code    48  fflt_clz.o(x$fpl$fflt)
    __fpl_fnaninf                            0x0800466d   Thumb Code   140  fnaninf.o(x$fpl$fnaninf)
    _printf_fp_dec                           0x080046f9   Thumb Code     4  printf1.o(x$fpl$printf1)
    _printf_fp_hex                           0x080046fd   Thumb Code     4  printf2.o(x$fpl$printf2)
    __I$use$fp                               0x08004700   Number         0  usenofp.o(x$fpl$usenofp)
    Region$$Table$$Base                      0x08004800   Number         0  anon$$obj.o(Region$$Table)
    Region$$Table$$Limit                     0x08004820   Number         0  anon$$obj.o(Region$$Table)
    __ctype                                  0x08004849   Data           0  lc_ctype_c.o(locale$$data)
    SystemCoreClock                          0x20000000   Data           4  system_stm32f10x.o(.data)
    AHBPrescTable                            0x20000004   Data          16  system_stm32f10x.o(.data)
    esp8266_cnt                              0x2000002c   Data           2  esp8266.o(.data)
    esp8266_cntPre                           0x2000002e   Data           2  esp8266.o(.data)
    beep                                     0x20000030   Data           1  onenet.o(.data)
    dht11                                    0x20000034   Data           8  onenet.o(.data)
    esp8266_buf                              0x20000040   Data         128  esp8266.o(.bss)
    __libspace_start                         0x200000c0   Data          96  libspace.o(.bss)
    __temporary_stack_top$libspace           0x20000120   Data           0  libspace.o(.bss)



==============================================================================

Memory Map of the image

  Image Entry point : 0x080000ed

  Load Region LR_IROM1 (Base: 0x08000000, Size: 0x0000498c, Max: 0x00010000, ABSOLUTE)

    Execution Region ER_IROM1 (Base: 0x08000000, Size: 0x0000494c, Max: 0x00010000, ABSOLUTE)

    Base Addr    Size         Type   Attr      Idx    E Section Name        Object

    0x08000000   0x000000ec   Data   RO          272    RESET               startup_stm32f10x_md.o
    0x080000ec   0x00000008   Code   RO         2343  * !!!main             c_w.l(__main.o)
    0x080000f4   0x00000034   Code   RO         2704    !!!scatter          c_w.l(__scatter.o)
    0x08000128   0x0000001a   Code   RO         2706    !!handler_copy      c_w.l(__scatter_copy.o)
    0x08000142   0x00000002   PAD
    0x08000144   0x0000001c   Code   RO         2708    !!handler_zi        c_w.l(__scatter_zi.o)
    0x08000160   0x00000000   Code   RO         2320    .ARM.Collect$$_printf_percent$$00000000  c_w.l(_printf_percent.o)
    0x08000160   0x00000006   Code   RO         2439    .ARM.Collect$$_printf_percent$$00000001  c_w.l(_printf_n.o)
    0x08000166   0x00000006   Code   RO         2441    .ARM.Collect$$_printf_percent$$00000002  c_w.l(_printf_p.o)
    0x0800016c   0x00000006   Code   RO         2319    .ARM.Collect$$_printf_percent$$00000003  c_w.l(_printf_f.o)
    0x08000172   0x00000006   Code   RO         2445    .ARM.Collect$$_printf_percent$$00000004  c_w.l(_printf_e.o)
    0x08000178   0x00000006   Code   RO         2446    .ARM.Collect$$_printf_percent$$00000005  c_w.l(_printf_g.o)
    0x0800017e   0x00000006   Code   RO         2447    .ARM.Collect$$_printf_percent$$00000006  c_w.l(_printf_a.o)
    0x08000184   0x0000000a   Code   RO         2452    .ARM.Collect$$_printf_percent$$00000007  c_w.l(_printf_ll.o)
    0x0800018e   0x00000006   Code   RO         2443    .ARM.Collect$$_printf_percent$$00000008  c_w.l(_printf_i.o)
    0x08000194   0x00000006   Code   RO         2318    .ARM.Collect$$_printf_percent$$00000009  c_w.l(_printf_d.o)
    0x0800019a   0x00000006   Code   RO         2444    .ARM.Collect$$_printf_percent$$0000000A  c_w.l(_printf_u.o)
    0x080001a0   0x00000006   Code   RO         2442    .ARM.Collect$$_printf_percent$$0000000B  c_w.l(_printf_o.o)
    0x080001a6   0x00000006   Code   RO         2440    .ARM.Collect$$_printf_percent$$0000000C  c_w.l(_printf_x.o)
    0x080001ac   0x00000006   Code   RO         2449    .ARM.Collect$$_printf_percent$$0000000D  c_w.l(_printf_lli.o)
    0x080001b2   0x00000006   Code   RO         2450    .ARM.Collect$$_printf_percent$$0000000E  c_w.l(_printf_lld.o)
    0x080001b8   0x00000006   Code   RO         2451    .ARM.Collect$$_printf_percent$$0000000F  c_w.l(_printf_llu.o)
    0x080001be   0x00000006   Code   RO         2456    .ARM.Collect$$_printf_percent$$00000010  c_w.l(_printf_llo.o)
    0x080001c4   0x00000006   Code   RO         2457    .ARM.Collect$$_printf_percent$$00000011  c_w.l(_printf_llx.o)
    0x080001ca   0x0000000a   Code   RO         2453    .ARM.Collect$$_printf_percent$$00000012  c_w.l(_printf_l.o)
    0x080001d4   0x00000006   Code   RO         2438    .ARM.Collect$$_printf_percent$$00000013  c_w.l(_printf_c.o)
    0x080001da   0x00000006   Code   RO         2317    .ARM.Collect$$_printf_percent$$00000014  c_w.l(_printf_s.o)
    0x080001e0   0x00000006   Code   RO         2454    .ARM.Collect$$_printf_percent$$00000015  c_w.l(_printf_lc.o)
    0x080001e6   0x00000006   Code   RO         2455    .ARM.Collect$$_printf_percent$$00000016  c_w.l(_printf_ls.o)
    0x080001ec   0x00000004   Code   RO         2448    .ARM.Collect$$_printf_percent$$00000017  c_w.l(_printf_percent_end.o)
    0x080001f0   0x00000002   Code   RO         2644    .ARM.Collect$$libinit$$00000000  c_w.l(libinit.o)
    0x080001f2   0x00000000   Code   RO         2465    .ARM.Collect$$libinit$$00000002  c_w.l(libinit2.o)
    0x080001f2   0x00000000   Code   RO         2467    .ARM.Collect$$libinit$$00000004  c_w.l(libinit2.o)
    0x080001f2   0x00000008   Code   RO         2468    .ARM.Collect$$libinit$$00000005  c_w.l(libinit2.o)
    0x080001fa   0x00000000   Code   RO         2470    .ARM.Collect$$libinit$$0000000A  c_w.l(libinit2.o)
    0x080001fa   0x00000000   Code   RO         2472    .ARM.Collect$$libinit$$0000000C  c_w.l(libinit2.o)
    0x080001fa   0x00000000   Code   RO         2474    .ARM.Collect$$libinit$$0000000E  c_w.l(libinit2.o)
    0x080001fa   0x00000006   Code   RO         2475    .ARM.Collect$$libinit$$0000000F  c_w.l(libinit2.o)
    0x08000200   0x00000000   Code   RO         2477    .ARM.Collect$$libinit$$00000011  c_w.l(libinit2.o)
    0x08000200   0x0000000c   Code   RO         2478    .ARM.Collect$$libinit$$00000012  c_w.l(libinit2.o)
    0x0800020c   0x00000000   Code   RO         2479    .ARM.Collect$$libinit$$00000013  c_w.l(libinit2.o)
    0x0800020c   0x00000000   Code   RO         2481    .ARM.Collect$$libinit$$00000015  c_w.l(libinit2.o)
    0x0800020c   0x0000000a   Code   RO         2482    .ARM.Collect$$libinit$$00000016  c_w.l(libinit2.o)
    0x08000216   0x00000000   Code   RO         2483    .ARM.Collect$$libinit$$00000017  c_w.l(libinit2.o)
    0x08000216   0x00000000   Code   RO         2485    .ARM.Collect$$libinit$$00000019  c_w.l(libinit2.o)
    0x08000216   0x00000000   Code   RO         2487    .ARM.Collect$$libinit$$0000001B  c_w.l(libinit2.o)
    0x08000216   0x00000000   Code   RO         2489    .ARM.Collect$$libinit$$0000001D  c_w.l(libinit2.o)
    0x08000216   0x00000000   Code   RO         2491    .ARM.Collect$$libinit$$0000001F  c_w.l(libinit2.o)
    0x08000216   0x00000000   Code   RO         2493    .ARM.Collect$$libinit$$00000021  c_w.l(libinit2.o)
    0x08000216   0x00000000   Code   RO         2495    .ARM.Collect$$libinit$$00000023  c_w.l(libinit2.o)
    0x08000216   0x00000000   Code   RO         2497    .ARM.Collect$$libinit$$00000025  c_w.l(libinit2.o)
    0x08000216   0x00000000   Code   RO         2501    .ARM.Collect$$libinit$$0000002C  c_w.l(libinit2.o)
    0x08000216   0x00000000   Code   RO         2503    .ARM.Collect$$libinit$$0000002E  c_w.l(libinit2.o)
    0x08000216   0x00000000   Code   RO         2505    .ARM.Collect$$libinit$$00000030  c_w.l(libinit2.o)
    0x08000216   0x00000000   Code   RO         2507    .ARM.Collect$$libinit$$00000032  c_w.l(libinit2.o)
    0x08000216   0x00000002   Code   RO         2508    .ARM.Collect$$libinit$$00000033  c_w.l(libinit2.o)
    0x08000218   0x00000002   Code   RO         2701    .ARM.Collect$$libshutdown$$00000000  c_w.l(libshutdown.o)
    0x0800021a   0x00000000   Code   RO         2659    .ARM.Collect$$libshutdown$$00000003  c_w.l(libshutdown2.o)
    0x0800021a   0x00000000   Code   RO         2662    .ARM.Collect$$libshutdown$$00000006  c_w.l(libshutdown2.o)
    0x0800021a   0x00000000   Code   RO         2665    .ARM.Collect$$libshutdown$$00000009  c_w.l(libshutdown2.o)
    0x0800021a   0x00000000   Code   RO         2667    .ARM.Collect$$libshutdown$$0000000B  c_w.l(libshutdown2.o)
    0x0800021a   0x00000000   Code   RO         2670    .ARM.Collect$$libshutdown$$0000000E  c_w.l(libshutdown2.o)
    0x0800021a   0x00000002   Code   RO         2671    .ARM.Collect$$libshutdown$$0000000F  c_w.l(libshutdown2.o)
    0x0800021c   0x00000000   Code   RO         2357    .ARM.Collect$$rtentry$$00000000  c_w.l(__rtentry.o)
    0x0800021c   0x00000000   Code   RO         2526    .ARM.Collect$$rtentry$$00000002  c_w.l(__rtentry2.o)
    0x0800021c   0x00000006   Code   RO         2538    .ARM.Collect$$rtentry$$00000004  c_w.l(__rtentry4.o)
    0x08000222   0x00000000   Code   RO         2528    .ARM.Collect$$rtentry$$00000009  c_w.l(__rtentry2.o)
    0x08000222   0x00000004   Code   RO         2529    .ARM.Collect$$rtentry$$0000000A  c_w.l(__rtentry2.o)
    0x08000226   0x00000000   Code   RO         2531    .ARM.Collect$$rtentry$$0000000C  c_w.l(__rtentry2.o)
    0x08000226   0x00000008   Code   RO         2532    .ARM.Collect$$rtentry$$0000000D  c_w.l(__rtentry2.o)
    0x0800022e   0x00000002   Code   RO         2647    .ARM.Collect$$rtexit$$00000000  c_w.l(rtexit.o)
    0x08000230   0x00000000   Code   RO         2675    .ARM.Collect$$rtexit$$00000002  c_w.l(rtexit2.o)
    0x08000230   0x00000004   Code   RO         2676    .ARM.Collect$$rtexit$$00000003  c_w.l(rtexit2.o)
    0x08000234   0x00000006   Code   RO         2677    .ARM.Collect$$rtexit$$00000004  c_w.l(rtexit2.o)
    0x0800023a   0x00000002   PAD
    0x0800023c   0x00000000   Code   RO         2549    .emb_text           c_w.l(maybetermalloc1.o)
    0x0800023c   0x00000040   Code   RO          273    .text               startup_stm32f10x_md.o
    0x0800027c   0x0000005e   Code   RO         2227    .text               c_w.l(h1_alloc.o)
    0x080002da   0x0000004e   Code   RO         2229    .text               c_w.l(h1_free.o)
    0x08000328   0x00000034   Code   RO         2285    .text               c_w.l(vsnprintf.o)
    0x0800035c   0x0000002c   Code   RO         2287    .text               c_w.l(__2sprintf.o)
    0x08000388   0x00000052   Code   RO         2293    .text               c_w.l(_printf_str.o)
    0x080003da   0x00000002   PAD
    0x080003dc   0x00000078   Code   RO         2295    .text               c_w.l(_printf_dec.o)
    0x08000454   0x00000188   Code   RO         2314    .text               c_w.l(__printf_flags_ss_wp.o)
    0x080005dc   0x0000001a   Code   RO         2321    .text               c_w.l(atoi.o)
    0x080005f6   0x00000014   Code   RO         2323    .text               c_w.l(strchr.o)
    0x0800060a   0x00000024   Code   RO         2325    .text               c_w.l(strncat.o)
    0x0800062e   0x00000024   Code   RO         2327    .text               c_w.l(strstr.o)
    0x08000652   0x00000048   Code   RO         2329    .text               c_w.l(strcpy.o)
    0x0800069a   0x0000003e   Code   RO         2331    .text               c_w.l(strlen.o)
    0x080006d8   0x00000018   Code   RO         2333    .text               c_w.l(strcat.o)
    0x080006f0   0x0000008a   Code   RO         2335    .text               c_w.l(rt_memcpy_v6.o)
    0x0800077a   0x00000044   Code   RO         2337    .text               c_w.l(rt_memclr.o)
    0x080007be   0x0000004e   Code   RO         2339    .text               c_w.l(rt_memclr_w.o)
    0x0800080c   0x00000006   Code   RO         2341    .text               c_w.l(heapauxi.o)
    0x08000812   0x00000002   PAD
    0x08000814   0x00000008   Code   RO         2361    .text               c_w.l(rt_heap_descriptor_intlibspace.o)
    0x0800081c   0x00000008   Code   RO         2366    .text               c_w.l(rt_errno_addr_intlibspace.o)
    0x08000824   0x00000004   Code   RO         2368    .text               c_w.l(hguard.o)
    0x08000828   0x0000008a   Code   RO         2370    .text               c_w.l(init_alloc.o)
    0x080008b2   0x0000000e   Code   RO         2374    .text               c_w.l(h1_init.o)
    0x080008c0   0x0000004e   Code   RO         2388    .text               c_w.l(_printf_pad.o)
    0x0800090e   0x00000024   Code   RO         2390    .text               c_w.l(_printf_truncate.o)
    0x08000932   0x000000b2   Code   RO         2392    .text               c_w.l(_printf_intcommon.o)
    0x080009e4   0x00000028   Code   RO         2394    .text               c_w.l(_printf_charcount.o)
    0x08000a0c   0x0000041a   Code   RO         2396    .text               c_w.l(_printf_fp_dec.o)
    0x08000e26   0x00000002   PAD
    0x08000e28   0x00000030   Code   RO         2398    .text               c_w.l(_printf_char_common.o)
    0x08000e58   0x0000000a   Code   RO         2400    .text               c_w.l(_sputc.o)
    0x08000e62   0x00000010   Code   RO         2402    .text               c_w.l(_snputc.o)
    0x08000e72   0x0000002c   Code   RO         2404    .text               c_w.l(_printf_char.o)
    0x08000e9e   0x00000002   PAD
    0x08000ea0   0x000000bc   Code   RO         2406    .text               c_w.l(_printf_wctomb.o)
    0x08000f5c   0x0000007c   Code   RO         2409    .text               c_w.l(_printf_longlong_dec.o)
    0x08000fd8   0x00000070   Code   RO         2415    .text               c_w.l(_printf_oct_int_ll.o)
    0x08001048   0x00000094   Code   RO         2435    .text               c_w.l(_printf_hex_int_ll_ptr.o)
    0x080010dc   0x00000070   Code   RO         2458    .text               c_w.l(strtol.o)
    0x0800114c   0x00000064   Code   RO         2460    .text               c_w.l(rt_memcpy_w.o)
    0x080011b0   0x00000008   Code   RO         2522    .text               c_w.l(libspace.o)
    0x080011b8   0x00000010   Code   RO         2540    .text               c_w.l(rt_ctype_table.o)
    0x080011c8   0x00000008   Code   RO         2545    .text               c_w.l(rt_locale_intlibspace.o)
    0x080011d0   0x00000034   Code   RO         2551    .text               c_w.l(h1_extend.o)
    0x08001204   0x0000008a   Code   RO         2555    .text               c_w.l(lludiv10.o)
    0x0800128e   0x00000002   PAD
    0x08001290   0x000002fc   Code   RO         2557    .text               c_w.l(_printf_fp_hex.o)
    0x0800158c   0x00000080   Code   RO         2560    .text               c_w.l(_printf_fp_infnan.o)
    0x0800160c   0x0000002c   Code   RO         2564    .text               c_w.l(_printf_wchar.o)
    0x08001638   0x0000009e   Code   RO         2566    .text               c_w.l(_strtoul.o)
    0x080016d6   0x00000002   PAD
    0x080016d8   0x000000dc   Code   RO         2568    .text               c_w.l(bigflt0.o)
    0x080017b4   0x00000040   Code   RO         2593    .text               c_w.l(_wcrtomb.o)
    0x080017f4   0x0000000e   Code   RO         2598    .text               c_w.l(defsig_rtmem_outer.o)
    0x08001802   0x00000002   Code   RO         2613    .text               c_w.l(use_no_semi.o)
    0x08001804   0x00000000   Code   RO         2615    .text               c_w.l(indicate_semi.o)
    0x08001804   0x0000004a   Code   RO         2616    .text               c_w.l(sys_stackheap_outer.o)
    0x0800184e   0x0000001c   Code   RO         2622    .text               c_w.l(_chval.o)
    0x0800186a   0x0000000c   Code   RO         2627    .text               c_w.l(exit.o)
    0x08001876   0x0000000a   Code   RO         2629    .text               c_w.l(defsig_exit.o)
    0x08001880   0x00000050   Code   RO         2631    .text               c_w.l(defsig_rtmem_inner.o)
    0x080018d0   0x00000080   Code   RO         2633    .text               c_w.l(strcmpv7m.o)
    0x08001950   0x0000000c   Code   RO         2645    .text               c_w.l(sys_exit.o)
    0x0800195c   0x00000032   Code   RO         2655    .text               c_w.l(defsig_general.o)
    0x0800198e   0x0000000e   Code   RO         2672    .text               c_w.l(sys_wrch.o)
    0x0800199c   0x0000003e   Code   RO         2571    CL$$btod_d2e        c_w.l(btod.o)
    0x080019da   0x00000046   Code   RO         2573    CL$$btod_d2e_denorm_low  c_w.l(btod.o)
    0x08001a20   0x00000060   Code   RO         2572    CL$$btod_d2e_norm_op1  c_w.l(btod.o)
    0x08001a80   0x00000338   Code   RO         2581    CL$$btod_div_common  c_w.l(btod.o)
    0x08001db8   0x000000c6   Code   RO         2578    CL$$btod_e2e        c_w.l(btod.o)
    0x08001e7e   0x00000028   Code   RO         2575    CL$$btod_ediv       c_w.l(btod.o)
    0x08001ea6   0x00000028   Code   RO         2574    CL$$btod_emul       c_w.l(btod.o)
    0x08001ece   0x00000244   Code   RO         2580    CL$$btod_mult_common  c_w.l(btod.o)
    0x08002112   0x00000002   PAD
    0x08002114   0x00000034   Code   RO         1878    i.BEEP_Init         beep.o
    0x08002148   0x00000004   Code   RO          136    i.BusFault_Handler  stm32f10x_it.o
    0x0800214c   0x00000064   Code   RO         1890    i.DHT11_Check       dht11.o
    0x080021b0   0x00000040   Code   RO         1891    i.DHT11_Init        dht11.o
    0x080021f0   0x0000004c   Code   RO         1892    i.DHT11_Read_Bit    dht11.o
    0x0800223c   0x0000001e   Code   RO         1893    i.DHT11_Read_Byte   dht11.o
    0x0800225a   0x0000006e   Code   RO         1894    i.DHT11_Read_Data   dht11.o
    0x080022c8   0x00000040   Code   RO         1895    i.DHT11_Rst         dht11.o
    0x08002308   0x00000002   Code   RO          137    i.DebugMon_Handler  stm32f10x_it.o
    0x0800230a   0x00000002   PAD
    0x0800230c   0x0000001c   Code   RO         1932    i.ESP8266_Clear     esp8266.o
    0x08002328   0x00000050   Code   RO         1933    i.ESP8266_GetIPD    esp8266.o
    0x08002378   0x0000022c   Code   RO         1934    i.ESP8266_Init      esp8266.o
    0x080025a4   0x00000054   Code   RO         1935    i.ESP8266_SendCmd   esp8266.o
    0x080025f8   0x00000048   Code   RO         1936    i.ESP8266_SendData  esp8266.o
    0x08002640   0x00000034   Code   RO         1937    i.ESP8266_WaitRecive  esp8266.o
    0x08002674   0x00000116   Code   RO          733    i.GPIO_Init         stm32f10x_gpio.o
    0x0800278a   0x00000004   Code   RO          741    i.GPIO_SetBits      stm32f10x_gpio.o
    0x0800278e   0x0000000a   Code   RO          744    i.GPIO_WriteBit     stm32f10x_gpio.o
    0x08002798   0x00000004   Code   RO          138    i.HardFault_Handler  stm32f10x_it.o
    0x0800279c   0x00000038   Code   RO         1866    i.LED_Init          led.o
    0x080027d4   0x0000001c   Code   RO         1984    i.MQTT_DeleteBuffer  mqttkit.o
    0x080027f0   0x0000002e   Code   RO         1985    i.MQTT_DumpLength   mqttkit.o
    0x0800281e   0x00000058   Code   RO         1986    i.MQTT_NewBuffer    mqttkit.o
    0x08002876   0x00000002   PAD
    0x08002878   0x0000008c   Code   RO         1987    i.MQTT_PacketCmdResp  mqttkit.o
    0x08002904   0x000002a0   Code   RO         1988    i.MQTT_PacketConnect  mqttkit.o
    0x08002ba4   0x000001b8   Code   RO         1991    i.MQTT_PacketPublish  mqttkit.o
    0x08002d5c   0x00000048   Code   RO         1992    i.MQTT_PacketPublishAck  mqttkit.o
    0x08002da4   0x00000048   Code   RO         1993    i.MQTT_PacketPublishComp  mqttkit.o
    0x08002dec   0x00000048   Code   RO         1994    i.MQTT_PacketPublishRec  mqttkit.o
    0x08002e34   0x00000048   Code   RO         1995    i.MQTT_PacketPublishRel  mqttkit.o
    0x08002e7c   0x0000005c   Code   RO         1997    i.MQTT_PacketSaveData  mqttkit.o
    0x08002ed8   0x00000046   Code   RO         2000    i.MQTT_ReadLength   mqttkit.o
    0x08002f1e   0x0000008c   Code   RO         2001    i.MQTT_UnPacketCmd  mqttkit.o
    0x08002faa   0x0000001e   Code   RO         2002    i.MQTT_UnPacketConnectAck  mqttkit.o
    0x08002fc8   0x000001c0   Code   RO         2003    i.MQTT_UnPacketPublish  mqttkit.o
    0x08003188   0x0000001e   Code   RO         2004    i.MQTT_UnPacketPublishAck  mqttkit.o
    0x080031a6   0x0000001e   Code   RO         2005    i.MQTT_UnPacketPublishComp  mqttkit.o
    0x080031c4   0x0000001e   Code   RO         2006    i.MQTT_UnPacketPublishRec  mqttkit.o
    0x080031e2   0x00000024   Code   RO         2007    i.MQTT_UnPacketPublishRel  mqttkit.o
    0x08003206   0x00000002   PAD
    0x08003208   0x00000074   Code   RO         2008    i.MQTT_UnPacketRecv  mqttkit.o
    0x0800327c   0x00000034   Code   RO         2009    i.MQTT_UnPacketSubscribe  mqttkit.o
    0x080032b0   0x00000012   Code   RO         2010    i.MQTT_UnPacketUnSubscribe  mqttkit.o
    0x080032c2   0x00000004   Code   RO          139    i.MemManage_Handler  stm32f10x_it.o
    0x080032c6   0x00000002   Code   RO          140    i.NMI_Handler       stm32f10x_it.o
    0x080032c8   0x00000070   Code   RO          277    i.NVIC_Init         misc.o
    0x08003338   0x00000014   Code   RO          278    i.NVIC_PriorityGroupConfig  misc.o
    0x0800334c   0x00000228   Code   RO         2168    i.OneNet_DevLink    onenet.o
    0x08003574   0x000000c8   Code   RO         2169    i.OneNet_FillBuf    onenet.o
    0x0800363c   0x000004c0   Code   RO         2171    i.OneNet_RevPro     onenet.o
    0x08003afc   0x000000e4   Code   RO         2172    i.OneNet_SendData   onenet.o
    0x08003be0   0x00000002   Code   RO          141    i.PendSV_Handler    stm32f10x_it.o
    0x08003be2   0x00000002   PAD
    0x08003be4   0x00000020   Code   RO         1571    i.RCC_APB1PeriphClockCmd  stm32f10x_rcc.o
    0x08003c04   0x00000020   Code   RO         1573    i.RCC_APB2PeriphClockCmd  stm32f10x_rcc.o
    0x08003c24   0x000000d4   Code   RO         1581    i.RCC_GetClocksFreq  stm32f10x_rcc.o
    0x08003cf8   0x00000002   Code   RO          142    i.SVC_Handler       stm32f10x_it.o
    0x08003cfa   0x00000008   Code   RO          225    i.SetSysClock       system_stm32f10x.o
    0x08003d02   0x00000002   PAD
    0x08003d04   0x000000e0   Code   RO          226    i.SetSysClockTo72   system_stm32f10x.o
    0x08003de4   0x00000028   Code   RO          281    i.SysTick_CLKSourceConfig  misc.o
    0x08003e0c   0x00000002   Code   RO          143    i.SysTick_Handler   stm32f10x_it.o
    0x08003e0e   0x00000002   PAD
    0x08003e10   0x00000060   Code   RO          228    i.SystemInit        system_stm32f10x.o
    0x08003e70   0x0000001c   Code   RO         1823    i.USART1_IRQHandler  usart.o
    0x08003e8c   0x0000004c   Code   RO         1938    i.USART2_IRQHandler  esp8266.o
    0x08003ed8   0x00000012   Code   RO         1389    i.USART_ClearFlag   stm32f10x_usart.o
    0x08003eea   0x00000018   Code   RO         1393    i.USART_Cmd         stm32f10x_usart.o
    0x08003f02   0x0000001a   Code   RO         1396    i.USART_GetFlagStatus  stm32f10x_usart.o
    0x08003f1c   0x00000054   Code   RO         1397    i.USART_GetITStatus  stm32f10x_usart.o
    0x08003f70   0x0000004a   Code   RO         1399    i.USART_ITConfig    stm32f10x_usart.o
    0x08003fba   0x00000002   PAD
    0x08003fbc   0x000000d8   Code   RO         1400    i.USART_Init        stm32f10x_usart.o
    0x08004094   0x00000008   Code   RO         1410    i.USART_SendData    stm32f10x_usart.o
    0x0800409c   0x00000004   Code   RO          144    i.UsageFault_Handler  stm32f10x_it.o
    0x080040a0   0x000000b0   Code   RO         1824    i.Usart1_Init       usart.o
    0x08004150   0x000000ac   Code   RO         1825    i.Usart2_Init       usart.o
    0x080041fc   0x00000048   Code   RO         1826    i.UsartPrintf       usart.o
    0x08004244   0x00000032   Code   RO         1827    i.Usart_SendString  usart.o
    0x08004276   0x00000028   Code   RO         2611    i.__ARM_fpclassify  m_ws.l(fpclassify.o)
    0x0800429e   0x0000000e   Code   RO         2307    i._is_digit         c_w.l(__printf_wp.o)
    0x080042ac   0x00000044   Code   RO         1769    i.delay_init        delay.o
    0x080042f0   0x0000004c   Code   RO         1770    i.delay_ms          delay.o
    0x0800433c   0x0000004c   Code   RO         1771    i.delay_us          delay.o
    0x08004388   0x000001f8   Code   RO            1    i.main              main.o
    0x08004580   0x0000002c   Code   RO         2596    locale$$code        c_w.l(lc_numeric_c.o)
    0x080045ac   0x0000002c   Code   RO         2625    locale$$code        c_w.l(lc_ctype_c.o)
    0x080045d8   0x0000000c   Code   RO         2509    x$fpl$dretinf       fz_ws.l(dretinf.o)
    0x080045e4   0x00000056   Code   RO         2345    x$fpl$f2d           fz_ws.l(f2d.o)
    0x0800463a   0x00000002   PAD
    0x0800463c   0x00000030   Code   RO         2348    x$fpl$fflt          fz_ws.l(fflt_clz.o)
    0x0800466c   0x0000008c   Code   RO         2511    x$fpl$fnaninf       fz_ws.l(fnaninf.o)
    0x080046f8   0x00000004   Code   RO         2353    x$fpl$printf1       fz_ws.l(printf1.o)
    0x080046fc   0x00000004   Code   RO         2513    x$fpl$printf2       fz_ws.l(printf2.o)
    0x08004700   0x00000000   Code   RO         2519    x$fpl$usenofp       fz_ws.l(usenofp.o)
    0x08004700   0x00000011   Data   RO         2315    .constdata          c_w.l(__printf_flags_ss_wp.o)
    0x08004711   0x00000003   PAD
    0x08004714   0x00000008   Data   RO         2407    .constdata          c_w.l(_printf_wctomb.o)
    0x0800471c   0x00000028   Data   RO         2436    .constdata          c_w.l(_printf_hex_int_ll_ptr.o)
    0x08004744   0x00000026   Data   RO         2558    .constdata          c_w.l(_printf_fp_hex.o)
    0x0800476a   0x00000002   PAD
    0x0800476c   0x00000094   Data   RO         2569    .constdata          c_w.l(bigflt0.o)
    0x08004800   0x00000020   Data   RO         2702    Region$$Table       anon$$obj.o
    0x08004820   0x0000001c   Data   RO         2595    locale$$data        c_w.l(lc_numeric_c.o)
    0x0800483c   0x00000110   Data   RO         2624    locale$$data        c_w.l(lc_ctype_c.o)


    Execution Region RW_IRAM1 (Base: 0x20000000, Size: 0x00000720, Max: 0x00005000, ABSOLUTE)

    Base Addr    Size         Type   Attr      Idx    E Section Name        Object

    0x20000000   0x00000014   Data   RW          229    .data               system_stm32f10x.o
    0x20000014   0x00000014   Data   RW         1601    .data               stm32f10x_rcc.o
    0x20000028   0x00000004   Data   RW         1772    .data               delay.o
    0x2000002c   0x00000004   Data   RW         1940    .data               esp8266.o
    0x20000030   0x0000000e   Data   RW         2174    .data               onenet.o
    0x2000003e   0x00000002   PAD
    0x20000040   0x00000080   Zero   RW         1939    .bss                esp8266.o
    0x200000c0   0x00000060   Zero   RW         2523    .bss                c_w.l(libspace.o)
    0x20000120   0x00000200   Zero   RW          271    HEAP                startup_stm32f10x_md.o
    0x20000320   0x00000400   Zero   RW          270    STACK               startup_stm32f10x_md.o


==============================================================================

Image component sizes


      Code (inc. data)   RO Data    RW Data    ZI Data      Debug   Object Name

        52          6          0          0          0        504   beep.o
         0          0          0          0          0         32   core_cm3.o
       220         26          0          4          0       1747   delay.o
       444         32          0          0          0       4040   dht11.o
       948        362          0          4        128       5243   esp8266.o
        56          6          0          0          0        503   led.o
       504        156          0          0          0     231911   main.o
       172         22          0          0          0       2109   misc.o
      2794         38          0          0          0      19164   mqttkit.o
      2196       1022          0         14          0       5909   onenet.o
        64         26        236          0       1536        804   startup_stm32f10x_md.o
       292          0          0          0          0       3119   stm32f10x_gpio.o
        26          0          0          0          0       3822   stm32f10x_it.o
       276         32          0         20          0       4506   stm32f10x_rcc.o
       450          6          0          0          0       6231   stm32f10x_usart.o
       328         28          0         20          0       2157   system_stm32f10x.o
       498         24          0          0          0       4329   usart.o

    ----------------------------------------------------------------------
      9334       1786        268         64       1664     296130   Object Totals
         0          0         32          0          0          0   (incl. Generated)
        14          0          0          2          0          0   (incl. Padding)

    ----------------------------------------------------------------------

      Code (inc. data)   RO Data    RW Data    ZI Data      Debug   Library Member Name

        44          6          0          0          0         84   __2sprintf.o
         8          0          0          0          0         68   __main.o
       392          4         17          0          0         92   __printf_flags_ss_wp.o
        14          0          0          0          0         68   __printf_wp.o
         0          0          0          0          0          0   __rtentry.o
        12          0          0          0          0          0   __rtentry2.o
         6          0          0          0          0          0   __rtentry4.o
        52          8          0          0          0          0   __scatter.o
        26          0          0          0          0          0   __scatter_copy.o
        28          0          0          0          0          0   __scatter_zi.o
        28          0          0          0          0         68   _chval.o
         6          0          0          0          0          0   _printf_a.o
         6          0          0          0          0          0   _printf_c.o
        44          0          0          0          0        108   _printf_char.o
        48          6          0          0          0         96   _printf_char_common.o
        40          0          0          0          0         68   _printf_charcount.o
         6          0          0          0          0          0   _printf_d.o
       120         16          0          0          0         92   _printf_dec.o
         6          0          0          0          0          0   _printf_e.o
         6          0          0          0          0          0   _printf_f.o
      1050          0          0          0          0        216   _printf_fp_dec.o
       764         10         38          0          0        100   _printf_fp_hex.o
       128         16          0          0          0         84   _printf_fp_infnan.o
         6          0          0          0          0          0   _printf_g.o
       148          4         40          0          0        160   _printf_hex_int_ll_ptr.o
         6          0          0          0          0          0   _printf_i.o
       178          0          0          0          0         88   _printf_intcommon.o
        10          0          0          0          0          0   _printf_l.o
         6          0          0          0          0          0   _printf_lc.o
        10          0          0          0          0          0   _printf_ll.o
         6          0          0          0          0          0   _printf_lld.o
         6          0          0          0          0          0   _printf_lli.o
         6          0          0          0          0          0   _printf_llo.o
         6          0          0          0          0          0   _printf_llu.o
         6          0          0          0          0          0   _printf_llx.o
       124         16          0          0          0         92   _printf_longlong_dec.o
         6          0          0          0          0          0   _printf_ls.o
         6          0          0          0          0          0   _printf_n.o
         6          0          0          0          0          0   _printf_o.o
       112          8          0          0          0        124   _printf_oct_int_ll.o
         6          0          0          0          0          0   _printf_p.o
        78          0          0          0          0        108   _printf_pad.o
         0          0          0          0          0          0   _printf_percent.o
         4          0          0          0          0          0   _printf_percent_end.o
         6          0          0          0          0          0   _printf_s.o
        82          0          0          0          0         80   _printf_str.o
        36          0          0          0          0         84   _printf_truncate.o
         6          0          0          0          0          0   _printf_u.o
        44          0          0          0          0        108   _printf_wchar.o
       188          6          8          0          0         92   _printf_wctomb.o
         6          0          0          0          0          0   _printf_x.o
        16          0          0          0          0         68   _snputc.o
        10          0          0          0          0         68   _sputc.o
       158          0          0          0          0         92   _strtoul.o
        64          0          0          0          0         92   _wcrtomb.o
        26          0          0          0          0         80   atoi.o
       220          4        148          0          0         96   bigflt0.o
      1910        128          0          0          0        672   btod.o
        10          0          0          0          0         68   defsig_exit.o
        50          0          0          0          0         88   defsig_general.o
        80         58          0          0          0         76   defsig_rtmem_inner.o
        14          0          0          0          0         80   defsig_rtmem_outer.o
        12          0          0          0          0         72   exit.o
        94          0          0          0          0         80   h1_alloc.o
        52          0          0          0          0         68   h1_extend.o
        78          0          0          0          0         80   h1_free.o
        14          0          0          0          0         84   h1_init.o
         6          0          0          0          0        152   heapauxi.o
         4          0          0          0          0        136   hguard.o
         0          0          0          0          0          0   indicate_semi.o
       138          0          0          0          0        168   init_alloc.o
        44         10        272          0          0         76   lc_ctype_c.o
        44         10         28          0          0         76   lc_numeric_c.o
         2          0          0          0          0          0   libinit.o
        38          0          0          0          0          0   libinit2.o
         2          0          0          0          0          0   libshutdown.o
         2          0          0          0          0          0   libshutdown2.o
         8          4          0          0         96         68   libspace.o
       138          0          0          0          0         80   lludiv10.o
         0          0          0          0          0          0   maybetermalloc1.o
        16          4          0          0          0         76   rt_ctype_table.o
         8          4          0          0          0         68   rt_errno_addr_intlibspace.o
         8          4          0          0          0         68   rt_heap_descriptor_intlibspace.o
         8          4          0          0          0         68   rt_locale_intlibspace.o
        68          0          0          0          0         68   rt_memclr.o
        78          0          0          0          0         80   rt_memclr_w.o
       138          0          0          0          0         68   rt_memcpy_v6.o
       100          0          0          0          0         80   rt_memcpy_w.o
         2          0          0          0          0          0   rtexit.o
        10          0          0          0          0          0   rtexit2.o
        24          0          0          0          0         68   strcat.o
        20          0          0          0          0         68   strchr.o
       128          0          0          0          0         68   strcmpv7m.o
        72          0          0          0          0         80   strcpy.o
        62          0          0          0          0         76   strlen.o
        36          0          0          0          0         76   strncat.o
        36          0          0          0          0         80   strstr.o
       112          0          0          0          0         88   strtol.o
        12          4          0          0          0         68   sys_exit.o
        74          0          0          0          0         80   sys_stackheap_outer.o
        14          0          0          0          0         76   sys_wrch.o
         2          0          0          0          0         68   use_no_semi.o
        52          4          0          0          0         80   vsnprintf.o
        12          0          0          0          0         68   dretinf.o
        86          4          0          0          0         84   f2d.o
        48          0          0          0          0         68   fflt_clz.o
       140          4          0          0          0         84   fnaninf.o
         4          0          0          0          0         68   printf1.o
         4          0          0          0          0         68   printf2.o
         0          0          0          0          0          0   usenofp.o
        40          0          0          0          0         68   fpclassify.o

    ----------------------------------------------------------------------
      8606        346        556          0         96       6760   Library Totals
        20          0          5          0          0          0   (incl. Padding)

    ----------------------------------------------------------------------

      Code (inc. data)   RO Data    RW Data    ZI Data      Debug   Library Name

      8252        338        551          0         96       6252   c_w.l
       294          8          0          0          0        440   fz_ws.l
        40          0          0          0          0         68   m_ws.l

    ----------------------------------------------------------------------
      8606        346        556          0         96       6760   Library Totals

    ----------------------------------------------------------------------

==============================================================================


      Code (inc. data)   RO Data    RW Data    ZI Data      Debug   

     17940       2132        824         64       1760     295034   Grand Totals
     17940       2132        824         64       1760     295034   ELF Image Totals
     17940       2132        824         64          0          0   ROM Totals

==============================================================================

    Total RO  Size (Code + RO Data)                18764 (  18.32kB)
    Total RW  Size (RW Data + ZI Data)              1824 (   1.78kB)
    Total ROM Size (Code + RO Data + RW Data)      18828 (  18.39kB)

==============================================================================

